Archive member included to satisfy reference by file (symbol)

e:/gnu arm embedded toolchain/10 2021.10/bin/../lib/gcc/arm-none-eabi/10.3.1/thumb/v6-m/nofp\libgcc.a(_dvmd_tls.o)
                              CMakeFiles/pico.dir/pico-sdk/src/rp2_common/pico_divider/divider.S.obj (__aeabi_idiv0)
e:/gnu arm embedded toolchain/10 2021.10/bin/../lib/gcc/arm-none-eabi/10.3.1/../../../../arm-none-eabi/lib/thumb/v6-m/nofp\libg.a(lib_a-calloc.o)
                              CMakeFiles/pico.dir/pico-sdk/src/rp2_common/pico_malloc/pico_malloc.c.obj (calloc)
e:/gnu arm embedded toolchain/10 2021.10/bin/../lib/gcc/arm-none-eabi/10.3.1/../../../../arm-none-eabi/lib/thumb/v6-m/nofp\libg.a(lib_a-callocr.o)
                              e:/gnu arm embedded toolchain/10 2021.10/bin/../lib/gcc/arm-none-eabi/10.3.1/../../../../arm-none-eabi/lib/thumb/v6-m/nofp\libg.a(lib_a-calloc.o) (_calloc_r)
e:/gnu arm embedded toolchain/10 2021.10/bin/../lib/gcc/arm-none-eabi/10.3.1/../../../../arm-none-eabi/lib/thumb/v6-m/nofp\libg.a(lib_a-errno.o)
                              e:/gnu arm embedded toolchain/10 2021.10/bin/../lib/gcc/arm-none-eabi/10.3.1/../../../../arm-none-eabi/lib/thumb/v6-m/nofp\libg.a(lib_a-callocr.o) (__errno)
e:/gnu arm embedded toolchain/10 2021.10/bin/../lib/gcc/arm-none-eabi/10.3.1/../../../../arm-none-eabi/lib/thumb/v6-m/nofp\libg.a(lib_a-impure.o)
                              e:/gnu arm embedded toolchain/10 2021.10/bin/../lib/gcc/arm-none-eabi/10.3.1/../../../../arm-none-eabi/lib/thumb/v6-m/nofp\libg.a(lib_a-calloc.o) (_impure_ptr)
e:/gnu arm embedded toolchain/10 2021.10/bin/../lib/gcc/arm-none-eabi/10.3.1/../../../../arm-none-eabi/lib/thumb/v6-m/nofp\libg.a(lib_a-init.o)
                              e:/gnu arm embedded toolchain/10 2021.10/bin/../lib/gcc/arm-none-eabi/10.3.1/../../../../arm-none-eabi/lib/thumb/v6-m/nofp/crt0.o (__libc_init_array)
e:/gnu arm embedded toolchain/10 2021.10/bin/../lib/gcc/arm-none-eabi/10.3.1/../../../../arm-none-eabi/lib/thumb/v6-m/nofp\libg.a(lib_a-malloc.o)
                              CMakeFiles/pico.dir/pico-sdk/src/rp2_common/pico_malloc/pico_malloc.c.obj (malloc)
e:/gnu arm embedded toolchain/10 2021.10/bin/../lib/gcc/arm-none-eabi/10.3.1/../../../../arm-none-eabi/lib/thumb/v6-m/nofp\libg.a(lib_a-mallocr.o)
                              e:/gnu arm embedded toolchain/10 2021.10/bin/../lib/gcc/arm-none-eabi/10.3.1/../../../../arm-none-eabi/lib/thumb/v6-m/nofp\libg.a(lib_a-callocr.o) (_malloc_r)
e:/gnu arm embedded toolchain/10 2021.10/bin/../lib/gcc/arm-none-eabi/10.3.1/../../../../arm-none-eabi/lib/thumb/v6-m/nofp\libg.a(lib_a-mlock.o)
                              e:/gnu arm embedded toolchain/10 2021.10/bin/../lib/gcc/arm-none-eabi/10.3.1/../../../../arm-none-eabi/lib/thumb/v6-m/nofp\libg.a(lib_a-mallocr.o) (__malloc_lock)
e:/gnu arm embedded toolchain/10 2021.10/bin/../lib/gcc/arm-none-eabi/10.3.1/../../../../arm-none-eabi/lib/thumb/v6-m/nofp\libg.a(lib_a-realloc.o)
                              CMakeFiles/pico.dir/pico-sdk/src/rp2_common/pico_malloc/pico_malloc.c.obj (realloc)
e:/gnu arm embedded toolchain/10 2021.10/bin/../lib/gcc/arm-none-eabi/10.3.1/../../../../arm-none-eabi/lib/thumb/v6-m/nofp\libg.a(lib_a-reallocr.o)
                              e:/gnu arm embedded toolchain/10 2021.10/bin/../lib/gcc/arm-none-eabi/10.3.1/../../../../arm-none-eabi/lib/thumb/v6-m/nofp\libg.a(lib_a-realloc.o) (_realloc_r)
e:/gnu arm embedded toolchain/10 2021.10/bin/../lib/gcc/arm-none-eabi/10.3.1/../../../../arm-none-eabi/lib/thumb/v6-m/nofp\libg.a(lib_a-sbrkr.o)
                              e:/gnu arm embedded toolchain/10 2021.10/bin/../lib/gcc/arm-none-eabi/10.3.1/../../../../arm-none-eabi/lib/thumb/v6-m/nofp\libg.a(lib_a-mallocr.o) (_sbrk_r)
e:/gnu arm embedded toolchain/10 2021.10/bin/../lib/gcc/arm-none-eabi/10.3.1/../../../../arm-none-eabi/lib/thumb/v6-m/nofp\libg.a(lib_a-strlen-stub.o)
                              CMakeFiles/pico.dir/pico-sdk/src/rp2_common/pico_stdio/stdio.c.obj (strlen)
e:/gnu arm embedded toolchain/10 2021.10/bin/../lib/gcc/arm-none-eabi/10.3.1/../../../../arm-none-eabi/lib/thumb/v6-m/nofp\libg.a(lib_a-freer.o)
                              e:/gnu arm embedded toolchain/10 2021.10/bin/../lib/gcc/arm-none-eabi/10.3.1/../../../../arm-none-eabi/lib/thumb/v6-m/nofp\libg.a(lib_a-malloc.o) (_free_r)
e:/gnu arm embedded toolchain/10 2021.10/bin/../lib/gcc/arm-none-eabi/10.3.1/../../../../arm-none-eabi/lib/thumb/v6-m/nofp\libg.a(lib_a-lock.o)
                              e:/gnu arm embedded toolchain/10 2021.10/bin/../lib/gcc/arm-none-eabi/10.3.1/../../../../arm-none-eabi/lib/thumb/v6-m/nofp\libg.a(lib_a-mlock.o) (__retarget_lock_acquire_recursive)
e:/gnu arm embedded toolchain/10 2021.10/bin/../lib/gcc/arm-none-eabi/10.3.1/../../../../arm-none-eabi/lib/thumb/v6-m/nofp\libg.a(lib_a-memmove.o)
[...]
Memory Configuration

Name             Origin             Length             Attributes
FLASH            0x10000000         0x00200000         xr
RAM              0x20000000         0x00040000         xrw
SCRATCH_X        0x20040000         0x00001000         xrw
SCRATCH_Y        0x20041000         0x00001000         xrw
*default*        0x00000000         0xffffffff

Linker script and memory map

LOAD e:/gnu arm embedded toolchain/10 2021.10/bin/../lib/gcc/arm-none-eabi/10.3.1/thumb/v6-m/nofp/crti.o
LOAD e:/gnu arm embedded toolchain/10 2021.10/bin/../lib/gcc/arm-none-eabi/10.3.1/thumb/v6-m/nofp/crtbegin.o
LOAD e:/gnu arm embedded toolchain/10 2021.10/bin/../lib/gcc/arm-none-eabi/10.3.1/../../../../arm-none-eabi/lib/thumb/v6-m/nofp/crt0.o

.flash_begin    0x10000000        0x0
                0x10000000                __flash_binary_start = .

.boot2          0x10000000      0x100
                0x10000000                __boot2_start__ = .
 *(.boot2)
 .boot2         0x10000000      0x100 C:\Users\ayyk\AppData\Local\Temp\cca7iUAF.o
                0x10000100                __boot2_end__ = .
                0x00000001                ASSERT (((__boot2_end__ - __boot2_start__) == 0x100), ERROR: Pico second stage bootloader must be 256 bytes in size)

.text           0x10000100     0x4000
                0x10000100                __logical_binary_start = .
 *(.vectors)
 .vectors       0x10000100       0xd4 CMakeFiles/pico.dir/pico-sdk/src/rp2_common/pico_standard_link/crt0.S.obj
                0x10000100                __VECTOR_TABLE
                0x10000100                __vectors
                0x100001c0                isr_invalid
                0x100001c0                __default_isrs_start
                0x100001c2                isr_nmi
                0x100001c4                isr_hardfault
                0x100001c6                isr_svcall
                0x100001c8                isr_pendsv
                0x100001ca                isr_systick
                0x100001cc                isr_irq23
                0x100001cc                isr_irq18
                0x100001cc                isr_irq11
                0x100001cc                isr_irq28
                0x100001cc                isr_irq19
                0x100001cc                isr_irq0
                0x100001cc                isr_irq6
                0x100001cc                isr_irq5
                0x100001cc                isr_irq12
                0x100001cc                isr_irq22
                0x100001cc                isr_irq31
                0x100001cc                isr_irq17
                0x100001cc                isr_irq27
                0x100001cc                isr_irq30
                0x100001cc                isr_irq2
                0x100001cc                isr_irq10
                0x100001cc                isr_irq8
                0x100001cc                isr_irq24
                0x100001cc                isr_irq1
                0x100001cc                isr_irq7
                0x100001cc                isr_irq21
                0x100001cc                isr_irq20
                0x100001cc                isr_irq15
                0x100001cc                isr_irq25
                0x100001cc                isr_irq13
                0x100001cc                __unhandled_user_irq
                0x100001cc                isr_irq4
                0x100001cc                isr_irq16
                0x100001cc                isr_irq29
                0x100001cc                isr_irq26
                0x100001cc                __default_isrs_end
                0x100001cc                isr_irq3
                0x100001cc                isr_irq14
                0x100001cc                isr_irq9
                0x100001d2                unhandled_user_irq_num_in_r0
 *(.binary_info_header)
 .binary_info_header
                0x100001d4       0x14 CMakeFiles/pico.dir/pico-sdk/src/rp2_common/pico_standard_link/crt0.S.obj
                0x100001e8                __binary_info_header_end = .
 *(.reset)
 .reset         0x100001e8       0xa8 CMakeFiles/pico.dir/pico-sdk/src/rp2_common/pico_standard_link/crt0.S.obj
                0x100001e8                _entry_point
                0x10000266                __get_current_exception
 .reset         0x10000290       0x30 CMakeFiles/pico.dir/pico-sdk/src/rp2_common/pico_standard_link/binary_info.c.obj
 *(.init)
 .init          0x100002c0        0x4 e:/gnu arm embedded toolchain/10 2021.10/bin/../lib/gcc/arm-none-eabi/10.3.1/thumb/v6-m/nofp/crti.o
                0x100002c0                _init
 *(EXCLUDE_FILE(*libm.a: *libc.a:*lib_a-mem*.o *libgcc.a:) .text*)
 .text          0x100002c4       0x48 e:/gnu arm embedded toolchain/10 2021.10/bin/../lib/gcc/arm-none-eabi/10.3.1/thumb/v6-m/nofp/crtbegin.o
 .text.main     0x1000030c       0x30 CMakeFiles/pico.dir/main.c.obj
                0x1000030c                main
 .text.gpio_set_function
                0x1000033c       0x30 CMakeFiles/pico.dir/pico-sdk/src/rp2_common/hardware_gpio/gpio.c.obj
                0x1000033c                gpio_set_function
 .text.gpio_init
                0x1000036c       0x16 CMakeFiles/pico.dir/pico-sdk/src/rp2_common/hardware_gpio/gpio.c.obj
                0x1000036c                gpio_init
 *fill*         0x10000382        0x2 
 .text.hw_claim_lock
                0x10000384       0x18 CMakeFiles/pico.dir/pico-sdk/src/rp2_common/hardware_claim/claim.c.obj
                0x10000384                hw_claim_lock
 .text.hw_claim_unlock
                0x1000039c       0x14 CMakeFiles/pico.dir/pico-sdk/src/rp2_common/hardware_claim/claim.c.obj
                0x1000039c                hw_claim_unlock
 .text.hw_claim_or_assert
                0x100003b0       0x32 CMakeFiles/pico.dir/pico-sdk/src/rp2_common/hardware_claim/claim.c.obj
                0x100003b0                hw_claim_or_assert
 *fill*         0x100003e2        0x2 
 .text.running_on_fpga
                0x100003e4       0x14 CMakeFiles/pico.dir/pico-sdk/src/rp2_common/pico_platform/platform.c.obj
                0x100003e4                running_on_fpga
 .text.spin_locks_reset
                0x100003f8       0x20 CMakeFiles/pico.dir/pico-sdk/src/rp2_common/hardware_sync/sync.c.obj
                0x100003f8                spin_locks_reset
 .text.next_striped_spin_lock_num
                0x10000418       0x1c CMakeFiles/pico.dir/pico-sdk/src/rp2_common/hardware_sync/sync.c.obj
                0x10000418                next_striped_spin_lock_num
 .text.set_raw_irq_handler_and_unlock
                0x10000434       0x28 CMakeFiles/pico.dir/pico-sdk/src/rp2_common/hardware_irq/irq.c.obj
 .text.make_branch
                0x1000045c       0x48 CMakeFiles/pico.dir/pico-sdk/src/rp2_common/hardware_irq/irq.c.obj
 .text.insert_branch_and_link
                0x100004a4       0x40 CMakeFiles/pico.dir/pico-sdk/src/rp2_common/hardware_irq/irq.c.obj
 .text.irq_is_enabled
                0x100004e4       0x18 CMakeFiles/pico.dir/pico-sdk/src/rp2_common/hardware_irq/irq.c.obj
                0x100004e4                irq_is_enabled
 .text.irq_set_mask_enabled
                0x100004fc       0x20 CMakeFiles/pico.dir/pico-sdk/src/rp2_common/hardware_irq/irq.c.obj
                0x100004fc                irq_set_mask_enabled
 .text.irq_set_enabled
                0x1000051c        0xe CMakeFiles/pico.dir/pico-sdk/src/rp2_common/hardware_irq/irq.c.obj
                0x1000051c                irq_set_enabled
 *fill*         0x1000052a        0x2 
 .text.irq_get_vtable_handler
                0x1000052c       0x10 CMakeFiles/pico.dir/pico-sdk/src/rp2_common/hardware_irq/irq.c.obj
                0x1000052c                irq_get_vtable_handler
 .text.irq_set_exclusive_handler
                0x1000053c       0x54 CMakeFiles/pico.dir/pico-sdk/src/rp2_common/hardware_irq/irq.c.obj
                0x1000053c                irq_set_exclusive_handler
 .text.irq_remove_handler
                0x10000590      0x1a8 CMakeFiles/pico.dir/pico-sdk/src/rp2_common/hardware_irq/irq.c.obj
                0x10000590                irq_remove_handler
 .text.irq_add_tail_to_free_list
                0x10000738       0xf0 CMakeFiles/pico.dir/pico-sdk/src/rp2_common/hardware_irq/irq.c.obj
                0x10000738                irq_add_tail_to_free_list
 .text.irq_init_priorities
                0x10000828       0x1c CMakeFiles/pico.dir/pico-sdk/src/rp2_common/hardware_irq/irq.c.obj
                0x10000828                irq_init_priorities
 .text.lock_init
                0x10000844       0x10 CMakeFiles/pico.dir/pico-sdk/src/common/pico_sync/lock_core.c.obj
                0x10000844                lock_init
 .text.alarm_pool_post_alloc_init
                0x10000854       0x40 CMakeFiles/pico.dir/pico-sdk/src/common/pico_time/time.c.obj
 .text.sleep_until_callback
                0x10000894       0x30 CMakeFiles/pico.dir/pico-sdk/src/common/pico_time/time.c.obj
 .text.timer_pool_entry_comparator
                0x100008c4       0x7c CMakeFiles/pico.dir/pico-sdk/src/common/pico_time/time.c.obj
                0x100008c4                timer_pool_entry_comparator
 .text.ph_add_child_node
                0x10000940       0xa4 CMakeFiles/pico.dir/pico-sdk/src/common/pico_time/time.c.obj
 .text.ph_merge_nodes
                0x100009e4       0x3e CMakeFiles/pico.dir/pico-sdk/src/common/pico_time/time.c.obj
 *fill*         0x10000a22        0x2 
 .text.add_alarm_under_lock
                0x10000a24      0x174 CMakeFiles/pico.dir/pico-sdk/src/common/pico_time/time.c.obj
 .text.alarm_pool_alarm_callback
                0x10000b98      0x328 CMakeFiles/pico.dir/pico-sdk/src/common/pico_time/time.c.obj
 .text.alarm_pool_init_default
                0x10000ec0       0x38 CMakeFiles/pico.dir/pico-sdk/src/common/pico_time/time.c.obj
                0x10000ec0                alarm_pool_init_default
 .text.alarm_pool_get_default
                0x10000ef8       0x2c CMakeFiles/pico.dir/pico-sdk/src/common/pico_time/time.c.obj
                0x10000ef8                alarm_pool_get_default
 .text.alarm_pool_add_alarm_at
                0x10000f24      0x170 CMakeFiles/pico.dir/pico-sdk/src/common/pico_time/time.c.obj
                0x10000f24                alarm_pool_add_alarm_at
 .text.sleep_until
                0x10001094       0xfc CMakeFiles/pico.dir/pico-sdk/src/common/pico_time/time.c.obj
                0x10001094                sleep_until
 .text.sleep_us
                0x10001190       0x58 CMakeFiles/pico.dir/pico-sdk/src/common/pico_time/time.c.obj
                0x10001190                sleep_us
 .text.sleep_ms
                0x100011e8       0x14 CMakeFiles/pico.dir/pico-sdk/src/common/pico_time/time.c.obj
                0x100011e8                sleep_ms
 .text.hardware_alarm_irq_handler
                0x100011fc       0x8c CMakeFiles/pico.dir/pico-sdk/src/rp2_common/hardware_timer/timer.c.obj
 .text.hardware_alarm_claim
                0x10001288       0x18 CMakeFiles/pico.dir/pico-sdk/src/rp2_common/hardware_timer/timer.c.obj
                0x10001288                hardware_alarm_claim
 .text.time_us_64
                0x100012a0       0x18 CMakeFiles/pico.dir/pico-sdk/src/rp2_common/hardware_timer/timer.c.obj
                0x100012a0                time_us_64
 .text.busy_wait_until
                0x100012b8       0x28 CMakeFiles/pico.dir/pico-sdk/src/rp2_common/hardware_timer/timer.c.obj
                0x100012b8                busy_wait_until
 .text.hardware_alarm_set_callback
                0x100012e0       0x90 CMakeFiles/pico.dir/pico-sdk/src/rp2_common/hardware_timer/timer.c.obj
                0x100012e0                hardware_alarm_set_callback
 .text.hardware_alarm_set_target
                0x10001370       0xe8 CMakeFiles/pico.dir/pico-sdk/src/rp2_common/hardware_timer/timer.c.obj
                0x10001370                hardware_alarm_set_target
 .text.hardware_alarm_cancel
                0x10001458       0x40 CMakeFiles/pico.dir/pico-sdk/src/rp2_common/hardware_timer/timer.c.obj
                0x10001458                hardware_alarm_cancel
 .text.ph_add_child_node
                0x10001498       0xa4 CMakeFiles/pico.dir/pico-sdk/src/common/pico_util/pheap.c.obj
 .text.ph_merge_nodes
                0x1000153c       0x3e CMakeFiles/pico.dir/pico-sdk/src/common/pico_util/pheap.c.obj
 *fill*         0x1000157a        0x2 
 .text.ph_clear
                0x1000157c       0x70 CMakeFiles/pico.dir/pico-sdk/src/common/pico_util/pheap.c.obj
                0x1000157c                ph_clear
 .text.ph_post_alloc_init
                0x100015ec        0xe CMakeFiles/pico.dir/pico-sdk/src/common/pico_util/pheap.c.obj
                0x100015ec                ph_post_alloc_init
 *fill*         0x100015fa        0x2 
 .text.ph_merge_two_pass
                0x100015fc       0xa8 CMakeFiles/pico.dir/pico-sdk/src/common/pico_util/pheap.c.obj
                0x100015fc                ph_merge_two_pass
 .text.ph_remove_any_head
                0x100016a4      0x108 CMakeFiles/pico.dir/pico-sdk/src/common/pico_util/pheap.c.obj
 .text.ph_remove_head
                0x100017ac       0x14 CMakeFiles/pico.dir/pico-sdk/src/common/pico_util/pheap.c.obj
                0x100017ac                ph_remove_head
 .text.ph_remove_and_free_node
                0x100017c0       0xf8 CMakeFiles/pico.dir/pico-sdk/src/common/pico_util/pheap.c.obj
                0x100017c0                ph_remove_and_free_node
 .text.mutex_init
                0x100018b8       0x1a CMakeFiles/pico.dir/pico-sdk/src/common/pico_sync/mutex.c.obj
                0x100018b8                mutex_init
 .text.recursive_mutex_init
                0x100018d2       0x1e CMakeFiles/pico.dir/pico-sdk/src/common/pico_sync/mutex.c.obj
                0x100018d2                recursive_mutex_init
 .text._exit    0x100018f0        0x4 CMakeFiles/pico.dir/pico-sdk/src/rp2_common/pico_runtime/runtime.c.obj
                0x100018f0                _exit
 .text.exit     0x100018f4        0x6 CMakeFiles/pico.dir/pico-sdk/src/rp2_common/pico_runtime/runtime.c.obj
                0x100018f4                exit
 *fill*         0x100018fa        0x2 
 .text.__assert_func
                0x100018fc       0x3c CMakeFiles/pico.dir/pico-sdk/src/rp2_common/pico_runtime/runtime.c.obj
                0x100018fc                __assert_func
 .text.runtime_init
                0x10001938       0xf8 CMakeFiles/pico.dir/pico-sdk/src/rp2_common/pico_runtime/runtime.c.obj
                0x10001938                runtime_init
 .text.panic    0x10001a30       0x30 CMakeFiles/pico.dir/pico-sdk/src/rp2_common/pico_runtime/runtime.c.obj
                0x10001a30                panic
 .text.clock_configure
                0x10001a60      0x104 CMakeFiles/pico.dir/pico-sdk/src/rp2_common/hardware_clocks/clocks.c.obj
                0x10001a60                clock_configure
 .text.clocks_init
                0x10001b64      0x100 CMakeFiles/pico.dir/pico-sdk/src/rp2_common/hardware_clocks/clocks.c.obj
                0x10001b64                clocks_init
 .text.pll_init
                0x10001c64      0x140 CMakeFiles/pico.dir/pico-sdk/src/rp2_common/hardware_pll/pll.c.obj
                0x10001c64                pll_init
 .text.watchdog_start_tick
                0x10001da4       0x10 CMakeFiles/pico.dir/pico-sdk/src/rp2_common/hardware_watchdog/watchdog.c.obj
                0x10001da4                watchdog_start_tick
 .text.xosc_init
                0x10001db4       0x28 CMakeFiles/pico.dir/pico-sdk/src/rp2_common/hardware_xosc/xosc.c.obj
                0x10001db4                xosc_init
 .text._out_null
                0x10001ddc        0x2 CMakeFiles/pico.dir/pico-sdk/src/rp2_common/pico_printf/printf.c.obj
 .text._out_fct
                0x10001dde        0xe CMakeFiles/pico.dir/pico-sdk/src/rp2_common/pico_printf/printf.c.obj
 .text._atoi    0x10001dec       0x24 CMakeFiles/pico.dir/pico-sdk/src/rp2_common/pico_printf/printf.c.obj
 .text._out_rev
                0x10001e10       0xae CMakeFiles/pico.dir/pico-sdk/src/rp2_common/pico_printf/printf.c.obj
 .text._ntoa_format
                0x10001ebe      0x112 CMakeFiles/pico.dir/pico-sdk/src/rp2_common/pico_printf/printf.c.obj
 .text._ntoa_long
                0x10001fd0       0xbc CMakeFiles/pico.dir/pico-sdk/src/rp2_common/pico_printf/printf.c.obj
 .text._ntoa_long_long
                0x1000208c       0xe2 CMakeFiles/pico.dir/pico-sdk/src/rp2_common/pico_printf/printf.c.obj
 *fill*         0x1000216e        0x2 
 .text._etoa    0x10002170      0x414 CMakeFiles/pico.dir/pico-sdk/src/rp2_common/pico_printf/printf.c.obj
 .text._ftoa    0x10002584      0x354 CMakeFiles/pico.dir/pico-sdk/src/rp2_common/pico_printf/printf.c.obj
 .text._vsnprintf
                0x100028d8      0x624 CMakeFiles/pico.dir/pico-sdk/src/rp2_common/pico_printf/printf.c.obj
 .text.vfctprintf
                0x10002efc       0x20 CMakeFiles/pico.dir/pico-sdk/src/rp2_common/pico_printf/printf.c.obj
                0x10002efc                vfctprintf
 .text          0x10002f1c       0x10 CMakeFiles/pico.dir/pico-sdk/src/rp2_common/pico_bit_ops/bit_ops_aeabi.S.obj
 .text.rom_func_lookup
                0x10002f2c       0x10 CMakeFiles/pico.dir/pico-sdk/src/rp2_common/pico_bootrom/bootrom.c.obj
                0x10002f2c                rom_func_lookup
 .text.rom_data_lookup
                0x10002f3c       0x10 CMakeFiles/pico.dir/pico-sdk/src/rp2_common/pico_bootrom/bootrom.c.obj
                0x10002f3c                rom_data_lookup
 .text.rom_funcs_lookup
                0x10002f4c       0x36 CMakeFiles/pico.dir/pico-sdk/src/rp2_common/pico_bootrom/bootrom.c.obj
                0x10002f4c                rom_funcs_lookup
 *fill*         0x10002f82        0x2 
 .text.__wrap___aeabi_idiv
                0x10002f84       0x50 CMakeFiles/pico.dir/pico-sdk/src/rp2_common/pico_divider/divider.S.obj
                0x10002f84                __wrap___aeabi_idivmod
                0x10002f84                divmod_s32s32
                0x10002f84                div_s32s32
                0x10002f84                __wrap___aeabi_idiv
                0x10002f8c                divmod_s32s32_unsafe
                0x10002fb8                divmod_s32s32_savestate
 .text.__wrap___aeabi_uidiv
                0x10002fd4       0x4c CMakeFiles/pico.dir/pico-sdk/src/rp2_common/pico_divider/divider.S.obj
                0x10002fd4                __wrap___aeabi_uidiv
                0x10002fd4                __wrap___aeabi_uidivmod
                0x10002fd4                div_u32u32
                0x10002fd4                divmod_u32u32
                0x10002fdc                divmod_u32u32_unsafe
                0x10003004                divmod_u32u32_savestate
 .text.__wrap___aeabi_ldiv
                0x10003020      0x434 CMakeFiles/pico.dir/pico-sdk/src/rp2_common/pico_divider/divider.S.obj
                0x10003020                div_s64s64
                0x10003020                divmod_s64s64
                0x10003020                __wrap___aeabi_ldivmod
                0x10003058                divmod_u64u64
                0x10003058                div_u64u64
                0x10003058                __wrap___aeabi_uldivmod
                0x10003068                divmod_u64u64_savestate
                0x10003090                divmod_s64s64_unsafe
                0x10003118                divmod_u64u64_unsafe
 .text.__wrap___aeabi_darithmetic
                0x10003454       0x80 CMakeFiles/pico.dir/pico-sdk/src/rp2_common/pico_double/double_aeabi.S.obj
                0x10003454                __wrap___aeabi_drsub
                0x1000345a                __wrap___aeabi_dsub
                0x1000346c                __wrap___aeabi_dadd
                0x1000347e                __wrap___aeabi_ddiv
                0x100034ba                __wrap___aeabi_dmul
 .text.__wrap___aeabi_cdcmple
                0x100034d4       0x6c CMakeFiles/pico.dir/pico-sdk/src/rp2_common/pico_double/double_aeabi.S.obj
                0x100034d4                __wrap___aeabi_cdrcmple
                0x100034e4                __wrap___aeabi_cdcmpeq
                0x100034e4                __wrap___aeabi_cdcmple
 .text.__wrap___aeabi_dcmplt
                0x10003540        0xc CMakeFiles/pico.dir/pico-sdk/src/rp2_common/pico_double/double_aeabi.S.obj
                0x10003540                __wrap___aeabi_dcmplt
 .text.__wrap___aeabi_dcmple
                0x1000354c       0x10 CMakeFiles/pico.dir/pico-sdk/src/rp2_common/pico_double/double_aeabi.S.obj
                0x1000354c                __wrap___aeabi_dcmple
 .text.__wrap___aeabi_dcmpge
                0x1000355c       0x10 CMakeFiles/pico.dir/pico-sdk/src/rp2_common/pico_double/double_aeabi.S.obj
                0x1000355c                __wrap___aeabi_dcmpge
 .text.__wrap___aeabi_dcmpgt
                0x1000356c        0xa CMakeFiles/pico.dir/pico-sdk/src/rp2_common/pico_double/double_aeabi.S.obj
                0x1000356c                __wrap___aeabi_dcmpgt
 .text.__wrap___aeabi_dcmpun
                0x10003576       0x1c CMakeFiles/pico.dir/pico-sdk/src/rp2_common/pico_double/double_aeabi.S.obj
                0x10003576                __wrap___aeabi_dcmpun
 *fill*         0x10003592        0x2 
 .text.__wrap___aeabi_i2d
                0x10003594       0x38 CMakeFiles/pico.dir/pico-sdk/src/rp2_common/pico_double/double_aeabi.S.obj
                0x10003594                __wrap___aeabi_ui2d
                0x1000359c                __wrap___aeabi_i2d
 .text.__wrap___aeabi_d2iz
                0x100035cc       0x48 CMakeFiles/pico.dir/pico-sdk/src/rp2_common/pico_double/double_aeabi.S.obj
                0x100035cc                double2int_z
                0x100035cc                __wrap___aeabi_d2iz
 .text.__wrap___aeabi_d2uiz
                0x10003614       0x18 CMakeFiles/pico.dir/pico-sdk/src/rp2_common/pico_double/double_aeabi.S.obj
                0x10003614                __wrap___aeabi_d2uiz
                0x10003614                double2uint
 .text.__aeabi_double_init
                0x1000362c       0xc8 CMakeFiles/pico.dir/pico-sdk/src/rp2_common/pico_double/double_init_rom.c.obj
                0x1000362c                __aeabi_double_init
 .text.double_table_shim_on_use_helper
                0x100036f4       0x34 CMakeFiles/pico.dir/pico-sdk/src/rp2_common/pico_double/double_v1_rom_shim.S.obj
                0x100036f4                double_table_shim_on_use_helper
 .text.__wrap___aeabi_dsub
                0x10003728       0x10 CMakeFiles/pico.dir/pico-sdk/src/rp2_common/pico_double/double_v1_rom_shim.S.obj
                0x10003728                drsub_shim
                0x1000372e                dsub_shim
 .text.dadd_shim
                0x10003738      0x15c CMakeFiles/pico.dir/pico-sdk/src/rp2_common/pico_double/double_v1_rom_shim.S.obj
                0x10003738                dadd_shim
 .text.dmul_shim
                0x10003894      0x15c CMakeFiles/pico.dir/pico-sdk/src/rp2_common/pico_double/double_v1_rom_shim.S.obj
                0x10003894                dmul_shim
 .text.ddiv_shim
                0x100039f0      0x1b0 CMakeFiles/pico.dir/pico-sdk/src/rp2_common/pico_double/double_v1_rom_shim.S.obj
                0x100039f0                ddiv_shim
 .text.double2uint_shim
                0x10003ba0        0xe CMakeFiles/pico.dir/pico-sdk/src/rp2_common/pico_double/double_v1_rom_shim.S.obj
                0x10003ba0                double2uint_shim
                0x10003ba2                double2ufix_shim
 *fill*         0x10003bae        0x2 
 .text.double2uint64_shim
                0x10003bb0       0x70 CMakeFiles/pico.dir/pico-sdk/src/rp2_common/pico_double/double_v1_rom_shim.S.obj
                0x10003bb0                double2uint64_shim
                0x10003bb2                double2ufix64_shim
                0x10003bd2                d2fix_a
 .text.dunpacks
                0x10003c20       0x3c CMakeFiles/pico.dir/pico-sdk/src/rp2_common/pico_double/double_v1_rom_shim.S.obj
                0x10003c20                dunpacks
 .text.__aeabi_lmul
                0x10003c5c       0x32 CMakeFiles/pico.dir/pico-sdk/src/rp2_common/pico_int64_ops/pico_int64_ops_aeabi.S.obj
                0x10003c5c                __wrap___aeabi_lmul
 *fill*         0x10003c8e        0x2 
 .text.__aeabi_float_init
                0x10003c90       0xfc CMakeFiles/pico.dir/pico-sdk/src/rp2_common/pico_float/float_init_rom.c.obj
                0x10003c90                __aeabi_float_init
 .text.float_table_shim_on_use_helper
                0x10003d8c       0x34 CMakeFiles/pico.dir/pico-sdk/src/rp2_common/pico_float/float_v1_rom_shim.S.obj
                0x10003d8c                float_table_shim_on_use_helper
 .text          0x10003dc0       0x10 CMakeFiles/pico.dir/pico-sdk/src/rp2_common/pico_mem_ops/mem_ops_aeabi.S.obj
                0x10003dc0                __aeabi_mem_init
 .text.memset   0x10003dd0        0xc CMakeFiles/pico.dir/pico-sdk/src/rp2_common/pico_mem_ops/mem_ops_aeabi.S.obj
                0x10003dd0                __wrap_memset
 .text.memcpy   0x10003ddc        0xc CMakeFiles/pico.dir/pico-sdk/src/rp2_common/pico_mem_ops/mem_ops_aeabi.S.obj
                0x10003ddc                __wrap_memcpy
                0x10003ddc                __wrap___aeabi_memcpy
 .text.stdio_out_chars_no_crlf
                0x10003de8        0xe CMakeFiles/pico.dir/pico-sdk/src/rp2_common/pico_stdio/stdio.c.obj
 *fill*         0x10003df6        0x2 
 .text.stdio_out_chars_crlf
                0x10003df8       0x80 CMakeFiles/pico.dir/pico-sdk/src/rp2_common/pico_stdio/stdio.c.obj
 .text.stdio_stack_buffer_flush
                0x10003e78       0x44 CMakeFiles/pico.dir/pico-sdk/src/rp2_common/pico_stdio/stdio.c.obj
 .text.stdio_buffered_printer
                0x10003ebc       0x20 CMakeFiles/pico.dir/pico-sdk/src/rp2_common/pico_stdio/stdio.c.obj
 .text.stdout_serialize_begin
                0x10003edc       0x30 CMakeFiles/pico.dir/pico-sdk/src/rp2_common/pico_stdio/stdio.c.obj
                0x10003edc                stdout_serialize_begin
 .text.stdout_serialize_end
                0x10003f0c       0x10 CMakeFiles/pico.dir/pico-sdk/src/rp2_common/pico_stdio/stdio.c.obj
                0x10003f0c                stdout_serialize_end
 .text.stdio_put_string
                0x10003f1c       0x98 CMakeFiles/pico.dir/pico-sdk/src/rp2_common/pico_stdio/stdio.c.obj
 .text.stdio_flush
                0x10003fb4       0x20 CMakeFiles/pico.dir/pico-sdk/src/rp2_common/pico_stdio/stdio.c.obj
                0x10003fb4                stdio_flush
 .text.__wrap_puts
                0x10003fd4       0x1e CMakeFiles/pico.dir/pico-sdk/src/rp2_common/pico_stdio/stdio.c.obj
                0x10003fd4                __wrap_puts
 *fill*         0x10003ff2        0x2 
 .text.__wrap_vprintf
                0x10003ff4       0x44 CMakeFiles/pico.dir/pico-sdk/src/rp2_common/pico_stdio/stdio.c.obj
                0x10003ff4                __wrap_vprintf
 .text.__wrap_printf
                0x10004038       0x18 CMakeFiles/pico.dir/pico-sdk/src/rp2_common/pico_stdio/stdio.c.obj
                0x10004038                __wrap_printf
 .text.strlen   0x10004050       0x5c e:/gnu arm embedded toolchain/10 2021.10/bin/../lib/gcc/arm-none-eabi/10.3.1/../../../../arm-none-eabi/lib/thumb/v6-m/nofp\libg.a(lib_a-strlen-stub.o)
                0x10004050                strlen
 *(.fini)
 .fini          0x100040ac        0x4 e:/gnu arm embedded toolchain/10 2021.10/bin/../lib/gcc/arm-none-eabi/10.3.1/thumb/v6-m/nofp/crti.o
                0x100040ac                _fini
 .fini.__stub   0x100040b0       0x50 linker stubs
 *crtbegin.o(.ctors)
 *crtbegin?.o(.ctors)
 *(EXCLUDE_FILE(*crtend.o *crtend?.o) .ctors)
 *(SORT_BY_NAME(.ctors.*))
 *(.ctors)
 *crtbegin.o(.dtors)
 *crtbegin?.o(.dtors)
 *(EXCLUDE_FILE(*crtend.o *crtend?.o) .dtors)
 *(SORT_BY_NAME(.dtors.*))
 *(.dtors)
 *(.eh_frame*)
 .eh_frame      0x10004100        0x0 e:/gnu arm embedded toolchain/10 2021.10/bin/../lib/gcc/arm-none-eabi/10.3.1/thumb/v6-m/nofp/crtbegin.o
                0x10004100                . = ALIGN (0x4)

.glue_7         0x10004100        0x0
 .glue_7        0x10004100        0x0 linker stubs

.glue_7t        0x10004100        0x0
 .glue_7t       0x10004100        0x0 linker stubs

.vfp11_veneer   0x10004100        0x0
 .vfp11_veneer  0x10004100        0x0 linker stubs

.v4_bx          0x10004100        0x0
 .v4_bx         0x10004100        0x0 linker stubs

.iplt           0x10004100        0x0
 .iplt          0x10004100        0x0 e:/gnu arm embedded toolchain/10 2021.10/bin/../lib/gcc/arm-none-eabi/10.3.1/thumb/v6-m/nofp/crtbegin.o

.rodata         0x10004100      0xeec
 *(EXCLUDE_FILE(*libm.a: *libc.a:*lib_a-mem*.o *libgcc.a:) .rodata*)
 .rodata.make_branch.str1.4
                0x10004100       0x76 CMakeFiles/pico.dir/pico-sdk/src/rp2_common/hardware_irq/irq.c.obj
 *fill*         0x10004176        0x2 
 .rodata.insert_branch_and_link.str1.4
                0x10004178       0x10 CMakeFiles/pico.dir/pico-sdk/src/rp2_common/hardware_irq/irq.c.obj
 .rodata.irq_set_exclusive_handler.str1.4
                0x10004188       0x36 CMakeFiles/pico.dir/pico-sdk/src/rp2_common/hardware_irq/irq.c.obj
 *fill*         0x100041be        0x2 
 .rodata.irq_add_shared_handler.str1.4
                0x100041c0       0xd9 CMakeFiles/pico.dir/pico-sdk/src/rp2_common/hardware_irq/irq.c.obj
 *fill*         0x10004299        0x3 
 .rodata.irq_remove_handler.str1.4
                0x1000429c       0x2a CMakeFiles/pico.dir/pico-sdk/src/rp2_common/hardware_irq/irq.c.obj
 *fill*         0x100042c6        0x2 
 .rodata.irq_add_tail_to_free_list.str1.4
                0x100042c8       0x3a CMakeFiles/pico.dir/pico-sdk/src/rp2_common/hardware_irq/irq.c.obj
 *fill*         0x10004302        0x2 
 .rodata.__func__.0
                0x10004304       0x1a CMakeFiles/pico.dir/pico-sdk/src/rp2_common/hardware_irq/irq.c.obj
 *fill*         0x1000431e        0x2 
 .rodata.__func__.1
                0x10004320       0x17 CMakeFiles/pico.dir/pico-sdk/src/rp2_common/hardware_irq/irq.c.obj
 *fill*         0x10004337        0x1 
 .rodata.__func__.2
                0x10004338       0x13 CMakeFiles/pico.dir/pico-sdk/src/rp2_common/hardware_irq/irq.c.obj
 *fill*         0x1000434b        0x1 
 .rodata.__func__.3
                0x1000434c        0xc CMakeFiles/pico.dir/pico-sdk/src/rp2_common/hardware_irq/irq.c.obj
 .rodata.__func__.4
                0x10004358        0xf CMakeFiles/pico.dir/pico-sdk/src/rp2_common/hardware_irq/irq.c.obj
 *fill*         0x10004367        0x1 
 .rodata.__func__.6
                0x10004368       0x1a CMakeFiles/pico.dir/pico-sdk/src/rp2_common/hardware_irq/irq.c.obj
 *fill*         0x10004382        0x2 
 .rodata.repeating_timer_callback.str1.4
                0x10004384       0x54 CMakeFiles/pico.dir/pico-sdk/src/common/pico_time/time.c.obj
 .rodata.alarm_pool_dump_key.str1.4
                0x100043d8       0x33 CMakeFiles/pico.dir/pico-sdk/src/common/pico_time/time.c.obj
 *fill*         0x1000440b        0x1 
 .rodata.ph_add_child_node.str1.4
                0x1000440c       0x9e CMakeFiles/pico.dir/pico-sdk/src/common/pico_time/time.c.obj
 *fill*         0x100044aa        0x2 
 .rodata.add_alarm_under_lock.str1.4
                0x100044ac       0x28 CMakeFiles/pico.dir/pico-sdk/src/common/pico_time/time.c.obj
                                 0x2b (size before relaxing)
 .rodata.alarm_pool_alarm_callback.str1.4
                0x100044d4       0xee CMakeFiles/pico.dir/pico-sdk/src/common/pico_time/time.c.obj
 *fill*         0x100045c2        0x2 
 .rodata.alarm_pool_get_default.str1.4
                0x100045c4       0x21 CMakeFiles/pico.dir/pico-sdk/src/common/pico_time/time.c.obj
 *fill*         0x100045e5        0x3 
 .rodata.sleep_until.str1.4
                0x100045e8       0x4d CMakeFiles/pico.dir/pico-sdk/src/common/pico_time/time.c.obj
 *fill*         0x10004635        0x3 
 .rodata.__func__.10
                0x10004638       0x15 CMakeFiles/pico.dir/pico-sdk/src/common/pico_time/time.c.obj
 *fill*         0x1000464d        0x3 
 .rodata.__func__.11
                0x10004650       0x1a CMakeFiles/pico.dir/pico-sdk/src/common/pico_time/time.c.obj
 *fill*         0x1000466a        0x2 
 .rodata.__func__.12
                0x1000466c        0xa CMakeFiles/pico.dir/pico-sdk/src/common/pico_time/time.c.obj
 *fill*         0x10004676        0x2 
 .rodata.__func__.3
                0x10004678       0x17 CMakeFiles/pico.dir/pico-sdk/src/common/pico_time/time.c.obj
 *fill*         0x1000468f        0x1 
 .rodata.__func__.4
                0x10004690       0x12 CMakeFiles/pico.dir/pico-sdk/src/common/pico_time/time.c.obj
 *fill*         0x100046a2        0x2 
 .rodata.__func__.5
                0x100046a4        0xd CMakeFiles/pico.dir/pico-sdk/src/common/pico_time/time.c.obj
 *fill*         0x100046b1        0x3 
 .rodata.__func__.6
                0x100046b4       0x12 CMakeFiles/pico.dir/pico-sdk/src/common/pico_time/time.c.obj
 *fill*         0x100046c6        0x2 
 .rodata.__func__.7
                0x100046c8        0xf CMakeFiles/pico.dir/pico-sdk/src/common/pico_time/time.c.obj
 *fill*         0x100046d7        0x1 
 .rodata.__func__.8
                0x100046d8        0xc CMakeFiles/pico.dir/pico-sdk/src/common/pico_time/time.c.obj
 .rodata.__func__.9
                0x100046e4       0x15 CMakeFiles/pico.dir/pico-sdk/src/common/pico_time/time.c.obj
 *fill*         0x100046f9        0x3 
 .rodata.hardware_alarm_claim.str1.4
                0x100046fc       0x22 CMakeFiles/pico.dir/pico-sdk/src/rp2_common/hardware_timer/timer.c.obj
 *fill*         0x1000471e        0x2 
 .rodata.hardware_alarm_set_target.str1.4
                0x10004720       0x6e CMakeFiles/pico.dir/pico-sdk/src/rp2_common/hardware_timer/timer.c.obj
 *fill*         0x1000478e        0x2 
 .rodata.__func__.0
                0x10004790       0x1a CMakeFiles/pico.dir/pico-sdk/src/rp2_common/hardware_timer/timer.c.obj
 .rodata.ph_add_child_node.str1.4
                0x100047aa       0x9e CMakeFiles/pico.dir/pico-sdk/src/common/pico_util/pheap.c.obj
 *fill*         0x100047aa        0x2 
 .rodata.ph_remove_any_head.str1.4
                0x100047ac       0x98 CMakeFiles/pico.dir/pico-sdk/src/common/pico_util/pheap.c.obj
 .rodata.ph_remove_and_free_node.str1.4
                0x10004844       0x1e CMakeFiles/pico.dir/pico-sdk/src/common/pico_util/pheap.c.obj
                                 0x26 (size before relaxing)
 *fill*         0x10004862        0x2 
 .rodata.__func__.0
                0x10004864       0x18 CMakeFiles/pico.dir/pico-sdk/src/common/pico_util/pheap.c.obj
 .rodata.__func__.1
                0x1000487c       0x13 CMakeFiles/pico.dir/pico-sdk/src/common/pico_util/pheap.c.obj
 *fill*         0x1000488f        0x1 
 .rodata.__func__.2
                0x10004890       0x12 CMakeFiles/pico.dir/pico-sdk/src/common/pico_util/pheap.c.obj
 *fill*         0x100048a2        0x2 
 .rodata.__func__.3
                0x100048a4        0xc CMakeFiles/pico.dir/pico-sdk/src/common/pico_util/pheap.c.obj
 .rodata.str1.4
                0x100048b0       0x95 CMakeFiles/pico.dir/pico-sdk/src/common/pico_sync/mutex.c.obj
                                0x101 (size before relaxing)
 *fill*         0x10004945        0x3 
 .rodata.__func__.1
                0x10004948        0xb CMakeFiles/pico.dir/pico-sdk/src/common/pico_sync/mutex.c.obj
 *fill*         0x10004953        0x1 
 .rodata.__assert_func.str1.4
                0x10004954       0x3f CMakeFiles/pico.dir/pico-sdk/src/rp2_common/pico_runtime/runtime.c.obj
                                 0x43 (size before relaxing)
 *fill*         0x10004993        0x1 
 .rodata.runtime_init.str1.4
                0x10004994       0x6a CMakeFiles/pico.dir/pico-sdk/src/rp2_common/pico_runtime/runtime.c.obj
 *fill*         0x100049fe        0x2 
 .rodata.panic.str1.4
                0x10004a00       0x12 CMakeFiles/pico.dir/pico-sdk/src/rp2_common/pico_runtime/runtime.c.obj
 *fill*         0x10004a12        0x2 
 .rodata.__func__.1
                0x10004a14        0xd CMakeFiles/pico.dir/pico-sdk/src/rp2_common/pico_runtime/runtime.c.obj
 *fill*         0x10004a21        0x3 
 .rodata.clock_configure.str1.4
                0x10004a24       0x60 CMakeFiles/pico.dir/pico-sdk/src/rp2_common/hardware_clocks/clocks.c.obj
 .rodata.__func__.1
                0x10004a84       0x10 CMakeFiles/pico.dir/pico-sdk/src/rp2_common/hardware_clocks/clocks.c.obj
 .rodata.pll_init.str1.4
                0x10004a94      0x143 CMakeFiles/pico.dir/pico-sdk/src/rp2_common/hardware_pll/pll.c.obj
 *fill*         0x10004bd7        0x1 
 .rodata.__func__.0
                0x10004bd8        0x9 CMakeFiles/pico.dir/pico-sdk/src/rp2_common/hardware_pll/pll.c.obj
 *fill*         0x10004be1        0x3 
 .rodata._ftoa.str1.4
                0x10004be4       0x15 CMakeFiles/pico.dir/pico-sdk/src/rp2_common/pico_printf/printf.c.obj
 *fill*         0x10004bf9        0x3 
 .rodata._vsnprintf
                0x10004bfc      0x1e0 CMakeFiles/pico.dir/pico-sdk/src/rp2_common/pico_printf/printf.c.obj
 *fill*         0x10004ddc        0x4 
 .rodata.pow10.0
                0x10004de0       0x50 CMakeFiles/pico.dir/pico-sdk/src/rp2_common/pico_printf/printf.c.obj
 .rodata.__aeabi_double_init.str1.4
                0x10004e30       0xb1 CMakeFiles/pico.dir/pico-sdk/src/rp2_common/pico_double/double_init_rom.c.obj
 *fill*         0x10004ee1        0x3 
 .rodata.__func__.0
                0x10004ee4       0x14 CMakeFiles/pico.dir/pico-sdk/src/rp2_common/pico_double/double_init_rom.c.obj
 .rodata.__aeabi_float_init.str1.4
                0x10004ef8       0x83 CMakeFiles/pico.dir/pico-sdk/src/rp2_common/pico_float/float_init_rom.c.obj
                                 0x87 (size before relaxing)
 *fill*         0x10004f7b        0x1 
 .rodata.__func__.0
                0x10004f7c       0x13 CMakeFiles/pico.dir/pico-sdk/src/rp2_common/pico_float/float_init_rom.c.obj
 *fill*         0x10004f8f        0x1 
 .rodata.str1.4
                0x10004f90       0x34 CMakeFiles/pico.dir/pico-sdk/src/rp2_common/pico_standard_link/binary_info.c.obj
 .rodata.__bi_44
                0x10004fc4        0xc CMakeFiles/pico.dir/pico-sdk/src/rp2_common/pico_standard_link/binary_info.c.obj
 .rodata.__bi_75
                0x10004fd0        0xc CMakeFiles/pico.dir/pico-sdk/src/rp2_common/pico_standard_link/binary_info.c.obj
 .rodata.__bi_81
                0x10004fdc        0xc CMakeFiles/pico.dir/pico-sdk/src/rp2_common/pico_standard_link/binary_info.c.obj
 .rodata.crlf_str.3
                0x10004fe8        0x2 CMakeFiles/pico.dir/pico-sdk/src/rp2_common/pico_stdio/stdio.c.obj
                0x10004fec                . = ALIGN (0x4)
 *fill*         0x10004fea        0x2 
 *(SORT_BY_ALIGNMENT(SORT_BY_NAME(.flashdata*)))
                0x10004fec                . = ALIGN (0x4)

.rel.dyn        0x10004fec        0x0
 .rel.iplt      0x10004fec        0x0 e:/gnu arm embedded toolchain/10 2021.10/bin/../lib/gcc/arm-none-eabi/10.3.1/thumb/v6-m/nofp/crtbegin.o

.ARM.extab
 *(.ARM.extab* .gnu.linkonce.armextab.*)
                0x10004fec                __exidx_start = .

.ARM.exidx
 *(.ARM.exidx* .gnu.linkonce.armexidx.*)
                0x10004fec                __exidx_end = .
                0x10004fec                . = ALIGN (0x4)
                0x10004fec                __binary_info_start = .

.binary_info    0x10004fec       0x1c
 *(.binary_info.keep.*)
 .binary_info.keep.__bi_ptr22
                0x10004fec        0x4 CMakeFiles/pico.dir/pico-sdk/src/rp2_common/pico_standard_link/binary_info.c.obj
 .binary_info.keep.__bi_ptr30
                0x10004ff0        0x4 CMakeFiles/pico.dir/pico-sdk/src/rp2_common/pico_standard_link/binary_info.c.obj
 .binary_info.keep.__bi_ptr38
                0x10004ff4        0x4 CMakeFiles/pico.dir/pico-sdk/src/rp2_common/pico_standard_link/binary_info.c.obj
 .binary_info.keep.__bi_ptr44
                0x10004ff8        0x4 CMakeFiles/pico.dir/pico-sdk/src/rp2_common/pico_standard_link/binary_info.c.obj
 .binary_info.keep.__bi_ptr50
                0x10004ffc        0x4 CMakeFiles/pico.dir/pico-sdk/src/rp2_common/pico_standard_link/binary_info.c.obj
 .binary_info.keep.__bi_ptr75
                0x10005000        0x4 CMakeFiles/pico.dir/pico-sdk/src/rp2_common/pico_standard_link/binary_info.c.obj
 .binary_info.keep.__bi_ptr81
                0x10005004        0x4 CMakeFiles/pico.dir/pico-sdk/src/rp2_common/pico_standard_link/binary_info.c.obj
 *(.binary_info.*)
                0x10005008                __binary_info_end = .
                0x10005008                . = ALIGN (0x4)
                0x10005008                __etext = .

.ram_vector_table
                0x20000000       0xc0
 *(.ram_vector_table)
 .ram_vector_table
                0x20000000       0xc0 CMakeFiles/pico.dir/pico-sdk/src/rp2_common/pico_runtime/runtime.c.obj
                0x20000000                ram_vector_table

.data           0x200000c0      0x1ac load address 0x10005008
                0x200000c0                __data_start__ = .
 *(vtable)
 *(.time_critical*)
 .time_critical.mutex_enter_blocking
                0x200000c0       0x48 CMakeFiles/pico.dir/pico-sdk/src/common/pico_sync/mutex.c.obj
                0x200000c0                mutex_enter_blocking
 .time_critical.mutex_try_enter
                0x20000108       0x46 CMakeFiles/pico.dir/pico-sdk/src/common/pico_sync/mutex.c.obj
                0x20000108                mutex_try_enter
 *fill*         0x2000014e        0x2 
 .time_critical.mutex_exit
                0x20000150       0x4c CMakeFiles/pico.dir/pico-sdk/src/common/pico_sync/mutex.c.obj
                0x20000150                mutex_exit
 *(.text*)
 .text          0x2000019c        0x4 e:/gnu arm embedded toolchain/10 2021.10/bin/../lib/gcc/arm-none-eabi/10.3.1/thumb/v6-m/nofp\libgcc.a(_dvmd_tls.o)
                0x2000019c                __aeabi_idiv0
                0x2000019c                __aeabi_ldiv0
 .text.__stub   0x200001a0       0x10 linker stubs
                0x200001b0                . = ALIGN (0x4)
 *(.rodata*)
                0x200001b0                . = ALIGN (0x4)
 *(.data*)
 .data.striped_spin_lock_num
                0x200001b0        0x1 CMakeFiles/pico.dir/pico-sdk/src/rp2_common/hardware_sync/sync.c.obj
 *fill*         0x200001b1        0x3 
 .data          0x200001b4       0x48 CMakeFiles/pico.dir/pico-sdk/src/rp2_common/hardware_irq/irq_handler_chain.S.obj
                0x200001b4                irq_handler_chain_slots
                0x200001e4                irq_handler_chain_first_slot
                0x200001ee                irq_handler_chain_remove_tail
 .data.default_alarm_pool
                0x200001fc       0x18 CMakeFiles/pico.dir/pico-sdk/src/common/pico_time/time.c.obj
 .data.default_alarm_pool_heap
                0x20000214       0x10 CMakeFiles/pico.dir/pico-sdk/src/common/pico_time/time.c.obj
 *fill*         0x20000224        0xc 
 .data.aeabi_bits_funcs
                0x20000230       0x10 CMakeFiles/pico.dir/pico-sdk/src/rp2_common/pico_bit_ops/bit_ops_aeabi.S.obj
                0x20000230                aeabi_bits_funcs
                0x20000240                aeabi_bits_funcs_end
 .data.aeabi_mem_funcs
                0x20000240       0x10 CMakeFiles/pico.dir/pico-sdk/src/rp2_common/pico_mem_ops/mem_ops_aeabi.S.obj
                0x20000240                aeabi_mem_funcs
                0x20000250                aeabi_mem_funcs_end
                0x20000250                . = ALIGN (0x4)
 *(.after_data.*)
                0x20000250                . = ALIGN (0x4)
                0x20000250                PROVIDE (__mutex_array_start = .)
 *(SORT_BY_NAME(.mutex_array.*))
 *(.mutex_array)
 .mutex_array   0x20000250        0x8 CMakeFiles/pico.dir/pico-sdk/src/rp2_common/pico_stdio/stdio.c.obj
                0x20000258                PROVIDE (__mutex_array_end = .)
                0x20000258                . = ALIGN (0x4)
                0x20000258                PROVIDE (__preinit_array_start = .)
 *(SORT_BY_NAME(.preinit_array.*))
 .preinit_array.00001
                0x20000258        0x4 CMakeFiles/pico.dir/pico-sdk/src/rp2_common/pico_mem_ops/mem_ops_aeabi.S.obj
 .preinit_array.00010
                0x2000025c        0x4 CMakeFiles/pico.dir/pico-sdk/src/rp2_common/pico_bit_ops/bit_ops_aeabi.S.obj
 .preinit_array.00020
                0x20000260        0x4 CMakeFiles/pico.dir/pico-sdk/src/rp2_common/pico_double/double_aeabi.S.obj
 .preinit_array.00020
                0x20000264        0x4 CMakeFiles/pico.dir/pico-sdk/src/rp2_common/pico_float/float_aeabi.S.obj
 *(.preinit_array)
                0x20000268                PROVIDE (__preinit_array_end = .)
                0x20000268                . = ALIGN (0x4)
                0x20000268                PROVIDE (__init_array_start = .)
 *(SORT_BY_NAME(.init_array.*))
 *(.init_array)
 .init_array    0x20000268        0x4 e:/gnu arm embedded toolchain/10 2021.10/bin/../lib/gcc/arm-none-eabi/10.3.1/thumb/v6-m/nofp/crtbegin.o
                0x2000026c                PROVIDE (__init_array_end = .)
                0x2000026c                . = ALIGN (0x4)
                [!provide]                PROVIDE (__fini_array_start = .)
 *(SORT_BY_NAME(.fini_array.*))
 *(.fini_array)
                [!provide]                PROVIDE (__fini_array_end = .)
 *(.jcr)
                0x2000026c                . = ALIGN (0x4)
                0x2000026c                __data_end__ = .

.igot.plt       0x2000026c        0x0 load address 0x100051b4
 .igot.plt      0x2000026c        0x0 e:/gnu arm embedded toolchain/10 2021.10/bin/../lib/gcc/arm-none-eabi/10.3.1/thumb/v6-m/nofp/crtbegin.o

.uninitialized_data
                0x2000026c        0x0 load address 0x100051b4
                0x2000026c                . = ALIGN (0x4)
 *(.uninitialized_data*)

.scratch_x      0x20040000        0x0 load address 0x100051b4
                0x20040000                __scratch_x_start__ = .
 *(.scratch_x.*)
                0x20040000                . = ALIGN (0x4)
                0x20040000                __scratch_x_end__ = .
                0x100051b4                __scratch_x_source__ = LOADADDR (.scratch_x)

.scratch_y      0x20041000        0x0 load address 0x100051b4
                0x20041000                __scratch_y_start__ = .
 *(.scratch_y.*)
                0x20041000                . = ALIGN (0x4)
                0x20041000                __scratch_y_end__ = .
                0x100051b4                __scratch_y_source__ = LOADADDR (.scratch_y)

.bss            0x20000270      0x3c8
                0x20000270                . = ALIGN (0x4)
                0x20000270                __bss_start__ = .
 *(SORT_BY_ALIGNMENT(SORT_BY_NAME(.bss*)))
 .bss.default_alarm_pool_entries
                0x20000270      0x100 CMakeFiles/pico.dir/pico-sdk/src/common/pico_time/time.c.obj
 .bss           0x20000370       0x1c e:/gnu arm embedded toolchain/10 2021.10/bin/../lib/gcc/arm-none-eabi/10.3.1/thumb/v6-m/nofp/crtbegin.o
 .bss.alarm_callbacks
                0x2000038c       0x10 CMakeFiles/pico.dir/pico-sdk/src/rp2_common/hardware_timer/timer.c.obj
 .bss.configured_freq
                0x2000039c       0x28 CMakeFiles/pico.dir/pico-sdk/src/rp2_common/hardware_clocks/clocks.c.obj
 .bss.default_alarm_pool_entry_ids_high
                0x200003c4       0x10 CMakeFiles/pico.dir/pico-sdk/src/common/pico_time/time.c.obj
 .bss.default_alarm_pool_heap_nodes
                0x200003d4       0x30 CMakeFiles/pico.dir/pico-sdk/src/common/pico_time/time.c.obj
 .bss.drivers   0x20000404        0x4 CMakeFiles/pico.dir/pico-sdk/src/rp2_common/pico_stdio/stdio.c.obj
 .bss.filter    0x20000408        0x4 CMakeFiles/pico.dir/pico-sdk/src/rp2_common/pico_stdio/stdio.c.obj
 .bss.pools     0x2000040c       0x10 CMakeFiles/pico.dir/pico-sdk/src/common/pico_time/time.c.obj
 .bss.sd_table  0x2000041c      0x100 CMakeFiles/pico.dir/pico-sdk/src/rp2_common/pico_double/double_init_rom.c.obj
                0x2000041c                sd_table
 .bss.sf_clz_func
                0x2000051c        0x4 CMakeFiles/pico.dir/pico-sdk/src/rp2_common/pico_double/double_init_rom.c.obj
                0x2000051c                sf_clz_func
 .bss.sf_table  0x20000520      0x100 CMakeFiles/pico.dir/pico-sdk/src/rp2_common/pico_float/float_init_rom.c.obj
                0x20000520                sf_table
 .bss.sleep_notifier
                0x20000620        0x4 CMakeFiles/pico.dir/pico-sdk/src/common/pico_time/time.c.obj
 .bss.target_hi
                0x20000624       0x10 CMakeFiles/pico.dir/pico-sdk/src/rp2_common/hardware_timer/timer.c.obj
 .bss.claimed   0x20000634        0x1 CMakeFiles/pico.dir/pico-sdk/src/rp2_common/hardware_timer/timer.c.obj
 .bss.irq_hander_chain_free_slot_head
                0x20000635        0x1 CMakeFiles/pico.dir/pico-sdk/src/rp2_common/hardware_irq/irq.c.obj
 .bss.timer_callbacks_pending
                0x20000636        0x1 CMakeFiles/pico.dir/pico-sdk/src/rp2_common/hardware_timer/timer.c.obj
 *(COMMON)
                0x20000638                . = ALIGN (0x4)
 *fill*         0x20000637        0x1 
                0x20000638                __bss_end__ = .

.heap           0x20000638      0x800
                0x20000638                __end__ = .
                0x20000638                end = __end__
 *(.heap*)
 .heap          0x20000638      0x800 CMakeFiles/pico.dir/pico-sdk/src/rp2_common/pico_standard_link/crt0.S.obj
                0x20000e38                __HeapLimit = .

.stack1_dummy   0x20040000        0x0
 *(.stack1*)

.stack_dummy    0x20041000      0x800
 *(.stack*)
 .stack         0x20041000      0x800 CMakeFiles/pico.dir/pico-sdk/src/rp2_common/pico_standard_link/crt0.S.obj

.flash_end      0x100051b4        0x0
                0x100051b4                __flash_binary_end = .
                0x20040000                __StackLimit = (ORIGIN (RAM) + LENGTH (RAM))
                0x20041000                __StackOneTop = (ORIGIN (SCRATCH_X) + LENGTH (SCRATCH_X))
                0x20042000                __StackTop = (ORIGIN (SCRATCH_Y) + LENGTH (SCRATCH_Y))
                0x20041000                __StackOneBottom = (__StackOneTop - SIZEOF (.stack1_dummy))
                0x20041800                __StackBottom = (__StackTop - SIZEOF (.stack_dummy))
                0x20042000                PROVIDE (__stack = __StackTop)
                0x00000001                ASSERT ((__StackLimit >= __HeapLimit), region RAM overflowed)
                0x00000001                ASSERT (((__binary_info_header_end - __logical_binary_start) <= 0x100), Binary info must be in first 256 bytes of the binary)
LOAD CMakeFiles/pico.dir/main.c.obj
LOAD CMakeFiles/pico.dir/pico-sdk/src/rp2_common/pico_stdlib/stdlib.c.obj
LOAD CMakeFiles/pico.dir/pico-sdk/src/rp2_common/hardware_gpio/gpio.c.obj
LOAD CMakeFiles/pico.dir/pico-sdk/src/rp2_common/hardware_claim/claim.c.obj
LOAD CMakeFiles/pico.dir/pico-sdk/src/rp2_common/pico_platform/platform.c.obj
LOAD CMakeFiles/pico.dir/pico-sdk/src/rp2_common/hardware_sync/sync.c.obj
LOAD CMakeFiles/pico.dir/pico-sdk/src/rp2_common/hardware_irq/irq.c.obj
LOAD CMakeFiles/pico.dir/pico-sdk/src/rp2_common/hardware_irq/irq_handler_chain.S.obj
LOAD CMakeFiles/pico.dir/pico-sdk/src/common/pico_sync/sem.c.obj
LOAD CMakeFiles/pico.dir/pico-sdk/src/common/pico_sync/lock_core.c.obj
LOAD CMakeFiles/pico.dir/pico-sdk/src/common/pico_time/time.c.obj
LOAD CMakeFiles/pico.dir/pico-sdk/src/common/pico_time/timeout_helper.c.obj
LOAD CMakeFiles/pico.dir/pico-sdk/src/rp2_common/hardware_timer/timer.c.obj
LOAD CMakeFiles/pico.dir/pico-sdk/src/common/pico_util/datetime.c.obj
LOAD CMakeFiles/pico.dir/pico-sdk/src/common/pico_util/pheap.c.obj
LOAD CMakeFiles/pico.dir/pico-sdk/src/common/pico_util/queue.c.obj
LOAD CMakeFiles/pico.dir/pico-sdk/src/common/pico_sync/mutex.c.obj
LOAD CMakeFiles/pico.dir/pico-sdk/src/common/pico_sync/critical_section.c.obj
LOAD CMakeFiles/pico.dir/pico-sdk/src/rp2_common/hardware_uart/uart.c.obj
LOAD CMakeFiles/pico.dir/pico-sdk/src/rp2_common/hardware_divider/divider.S.obj
LOAD CMakeFiles/pico.dir/pico-sdk/src/rp2_common/pico_runtime/runtime.c.obj
LOAD CMakeFiles/pico.dir/pico-sdk/src/rp2_common/hardware_clocks/clocks.c.obj
LOAD CMakeFiles/pico.dir/pico-sdk/src/rp2_common/hardware_pll/pll.c.obj
LOAD CMakeFiles/pico.dir/pico-sdk/src/rp2_common/hardware_vreg/vreg.c.obj
LOAD CMakeFiles/pico.dir/pico-sdk/src/rp2_common/hardware_watchdog/watchdog.c.obj
LOAD CMakeFiles/pico.dir/pico-sdk/src/rp2_common/hardware_xosc/xosc.c.obj
LOAD CMakeFiles/pico.dir/pico-sdk/src/rp2_common/pico_printf/printf.c.obj
LOAD CMakeFiles/pico.dir/pico-sdk/src/rp2_common/pico_bit_ops/bit_ops_aeabi.S.obj
LOAD CMakeFiles/pico.dir/pico-sdk/src/rp2_common/pico_bootrom/bootrom.c.obj
LOAD CMakeFiles/pico.dir/pico-sdk/src/rp2_common/pico_divider/divider.S.obj
LOAD CMakeFiles/pico.dir/pico-sdk/src/rp2_common/pico_double/double_aeabi.S.obj
LOAD CMakeFiles/pico.dir/pico-sdk/src/rp2_common/pico_double/double_init_rom.c.obj
LOAD CMakeFiles/pico.dir/pico-sdk/src/rp2_common/pico_double/double_math.c.obj
LOAD CMakeFiles/pico.dir/pico-sdk/src/rp2_common/pico_double/double_v1_rom_shim.S.obj
LOAD CMakeFiles/pico.dir/pico-sdk/src/rp2_common/pico_int64_ops/pico_int64_ops_aeabi.S.obj
LOAD CMakeFiles/pico.dir/pico-sdk/src/rp2_common/pico_float/float_aeabi.S.obj
LOAD CMakeFiles/pico.dir/pico-sdk/src/rp2_common/pico_float/float_init_rom.c.obj
LOAD CMakeFiles/pico.dir/pico-sdk/src/rp2_common/pico_float/float_math.c.obj
LOAD CMakeFiles/pico.dir/pico-sdk/src/rp2_common/pico_float/float_v1_rom_shim.S.obj
LOAD CMakeFiles/pico.dir/pico-sdk/src/rp2_common/pico_malloc/pico_malloc.c.obj
LOAD CMakeFiles/pico.dir/pico-sdk/src/rp2_common/pico_mem_ops/mem_ops_aeabi.S.obj
LOAD CMakeFiles/pico.dir/pico-sdk/src/rp2_common/pico_standard_link/crt0.S.obj
LOAD CMakeFiles/pico.dir/pico-sdk/src/rp2_common/pico_standard_link/new_delete.cpp.obj
LOAD CMakeFiles/pico.dir/pico-sdk/src/rp2_common/pico_standard_link/binary_info.c.obj
LOAD CMakeFiles/pico.dir/pico-sdk/src/rp2_common/pico_stdio/stdio.c.obj
LOAD CMakeFiles/pico.dir/pico-sdk/src/rp2_common/pico_stdio_uart/stdio_uart.c.obj
LOAD C:\Users\ayyk\AppData\Local\Temp\cca7iUAF.o
LOAD e:/gnu arm embedded toolchain/10 2021.10/bin/../lib/gcc/arm-none-eabi/10.3.1/../../../../arm-none-eabi/lib/thumb/v6-m/nofp\libstdc++.a
LOAD e:/gnu arm embedded toolchain/10 2021.10/bin/../lib/gcc/arm-none-eabi/10.3.1/../../../../arm-none-eabi/lib/thumb/v6-m/nofp\libm.a
START GROUP
LOAD e:/gnu arm embedded toolchain/10 2021.10/bin/../lib/gcc/arm-none-eabi/10.3.1/thumb/v6-m/nofp\libgcc.a
LOAD e:/gnu arm embedded toolchain/10 2021.10/bin/../lib/gcc/arm-none-eabi/10.3.1/../../../../arm-none-eabi/lib/thumb/v6-m/nofp\libg.a
LOAD e:/gnu arm embedded toolchain/10 2021.10/bin/../lib/gcc/arm-none-eabi/10.3.1/../../../../arm-none-eabi/lib/thumb/v6-m/nofp\libc.a
END GROUP
START GROUP
LOAD e:/gnu arm embedded toolchain/10 2021.10/bin/../lib/gcc/arm-none-eabi/10.3.1/thumb/v6-m/nofp\libgcc.a
LOAD e:/gnu arm embedded toolchain/10 2021.10/bin/../lib/gcc/arm-none-eabi/10.3.1/../../../../arm-none-eabi/lib/thumb/v6-m/nofp\libc.a
LOAD e:/gnu arm embedded toolchain/10 2021.10/bin/../lib/gcc/arm-none-eabi/10.3.1/../../../../arm-none-eabi/lib/thumb/v6-m/nofp\libnosys.a
END GROUP
LOAD e:/gnu arm embedded toolchain/10 2021.10/bin/../lib/gcc/arm-none-eabi/10.3.1/thumb/v6-m/nofp/crtend.o
LOAD e:/gnu arm embedded toolchain/10 2021.10/bin/../lib/gcc/arm-none-eabi/10.3.1/thumb/v6-m/nofp/crtn.o
OUTPUT(pico.elf elf32-littlearm)
LOAD linker stubs

.ARM.attributes
                0x00000000       0x28
 .ARM.attributes
                0x00000000       0x1e e:/gnu arm embedded toolchain/10 2021.10/bin/../lib/gcc/arm-none-eabi/10.3.1/thumb/v6-m/nofp/crti.o
 .ARM.attributes
                0x0000001e       0x2c e:/gnu arm embedded toolchain/10 2021.10/bin/../lib/gcc/arm-none-eabi/10.3.1/thumb/v6-m/nofp/crtbegin.o
 .ARM.attributes
                0x0000004a       0x2c CMakeFiles/pico.dir/main.c.obj
 .ARM.attributes
                0x00000076       0x2c CMakeFiles/pico.dir/pico-sdk/src/rp2_common/hardware_gpio/gpio.c.obj
 .ARM.attributes
                0x000000a2       0x2c CMakeFiles/pico.dir/pico-sdk/src/rp2_common/hardware_claim/claim.c.obj
 .ARM.attributes
                0x000000ce       0x2c CMakeFiles/pico.dir/pico-sdk/src/rp2_common/pico_platform/platform.c.obj
 .ARM.attributes
                0x000000fa       0x2c CMakeFiles/pico.dir/pico-sdk/src/rp2_common/hardware_sync/sync.c.obj
 .ARM.attributes
                0x00000126       0x2c CMakeFiles/pico.dir/pico-sdk/src/rp2_common/hardware_irq/irq.c.obj
 .ARM.attributes
                0x00000152       0x22 CMakeFiles/pico.dir/pico-sdk/src/rp2_common/hardware_irq/irq_handler_chain.S.obj
 .ARM.attributes
                0x00000174       0x2c CMakeFiles/pico.dir/pico-sdk/src/common/pico_sync/lock_core.c.obj
 .ARM.attributes
                0x000001a0       0x2c CMakeFiles/pico.dir/pico-sdk/src/common/pico_time/time.c.obj
 .ARM.attributes
                0x000001cc       0x2c CMakeFiles/pico.dir/pico-sdk/src/rp2_common/hardware_timer/timer.c.obj
 .ARM.attributes
                0x000001f8       0x2c CMakeFiles/pico.dir/pico-sdk/src/common/pico_util/pheap.c.obj
 .ARM.attributes
                0x00000224       0x2c CMakeFiles/pico.dir/pico-sdk/src/common/pico_sync/mutex.c.obj
 .ARM.attributes
                0x00000250       0x2c CMakeFiles/pico.dir/pico-sdk/src/rp2_common/pico_runtime/runtime.c.obj
 .ARM.attributes
                0x0000027c       0x2c CMakeFiles/pico.dir/pico-sdk/src/rp2_common/hardware_clocks/clocks.c.obj
 .ARM.attributes
                0x000002a8       0x2c CMakeFiles/pico.dir/pico-sdk/src/rp2_common/hardware_pll/pll.c.obj
 .ARM.attributes
                0x000002d4       0x2c CMakeFiles/pico.dir/pico-sdk/src/rp2_common/hardware_watchdog/watchdog.c.obj
 .ARM.attributes
                0x00000300       0x2c CMakeFiles/pico.dir/pico-sdk/src/rp2_common/hardware_xosc/xosc.c.obj
 .ARM.attributes
                0x0000032c       0x2c CMakeFiles/pico.dir/pico-sdk/src/rp2_common/pico_printf/printf.c.obj
 .ARM.attributes
                0x00000358       0x22 CMakeFiles/pico.dir/pico-sdk/src/rp2_common/pico_bit_ops/bit_ops_aeabi.S.obj
 .ARM.attributes
                0x0000037a       0x2c CMakeFiles/pico.dir/pico-sdk/src/rp2_common/pico_bootrom/bootrom.c.obj
 .ARM.attributes
                0x000003a6       0x22 CMakeFiles/pico.dir/pico-sdk/src/rp2_common/pico_divider/divider.S.obj
 .ARM.attributes
                0x000003c8       0x22 CMakeFiles/pico.dir/pico-sdk/src/rp2_common/pico_double/double_aeabi.S.obj
 .ARM.attributes
                0x000003ea       0x2c CMakeFiles/pico.dir/pico-sdk/src/rp2_common/pico_double/double_init_rom.c.obj
 .ARM.attributes
                0x00000416       0x22 CMakeFiles/pico.dir/pico-sdk/src/rp2_common/pico_double/double_v1_rom_shim.S.obj
 .ARM.attributes
                0x00000438       0x22 CMakeFiles/pico.dir/pico-sdk/src/rp2_common/pico_int64_ops/pico_int64_ops_aeabi.S.obj
 .ARM.attributes
                0x0000045a       0x22 CMakeFiles/pico.dir/pico-sdk/src/rp2_common/pico_float/float_aeabi.S.obj
 .ARM.attributes
                0x0000047c       0x2c CMakeFiles/pico.dir/pico-sdk/src/rp2_common/pico_float/float_init_rom.c.obj
 .ARM.attributes
                0x000004a8       0x22 CMakeFiles/pico.dir/pico-sdk/src/rp2_common/pico_float/float_v1_rom_shim.S.obj
 .ARM.attributes
                0x000004ca       0x22 CMakeFiles/pico.dir/pico-sdk/src/rp2_common/pico_mem_ops/mem_ops_aeabi.S.obj
 .ARM.attributes
                0x000004ec       0x22 CMakeFiles/pico.dir/pico-sdk/src/rp2_common/pico_standard_link/crt0.S.obj
 .ARM.attributes
                0x0000050e       0x2c CMakeFiles/pico.dir/pico-sdk/src/rp2_common/pico_standard_link/binary_info.c.obj
 .ARM.attributes
                0x0000053a       0x2c CMakeFiles/pico.dir/pico-sdk/src/rp2_common/pico_stdio/stdio.c.obj
 .ARM.attributes
                0x00000566       0x22 C:\Users\ayyk\AppData\Local\Temp\cca7iUAF.o
 .ARM.attributes
                0x00000588       0x1e e:/gnu arm embedded toolchain/10 2021.10/bin/../lib/gcc/arm-none-eabi/10.3.1/thumb/v6-m/nofp\libgcc.a(_dvmd_tls.o)
 .ARM.attributes
                0x000005a6       0x2c e:/gnu arm embedded toolchain/10 2021.10/bin/../lib/gcc/arm-none-eabi/10.3.1/../../../../arm-none-eabi/lib/thumb/v6-m/nofp\libg.a(lib_a-strlen-stub.o)

.comment        0x00000000       0x49
 .comment       0x00000000       0x49 CMakeFiles/pico.dir/main.c.obj
                                 0x4a (size before relaxing)
 .comment       0x00000049       0x4a CMakeFiles/pico.dir/pico-sdk/src/rp2_common/hardware_gpio/gpio.c.obj
 .comment       0x00000049       0x4a CMakeFiles/pico.dir/pico-sdk/src/rp2_common/hardware_claim/claim.c.obj
 .comment       0x00000049       0x4a CMakeFiles/pico.dir/pico-sdk/src/rp2_common/pico_platform/platform.c.obj
 .comment       0x00000049       0x4a CMakeFiles/pico.dir/pico-sdk/src/rp2_common/hardware_sync/sync.c.obj
 .comment       0x00000049       0x4a CMakeFiles/pico.dir/pico-sdk/src/rp2_common/hardware_irq/irq.c.obj
 .comment       0x00000049       0x4a CMakeFiles/pico.dir/pico-sdk/src/common/pico_sync/lock_core.c.obj
 .comment       0x00000049       0x4a CMakeFiles/pico.dir/pico-sdk/src/common/pico_time/time.c.obj
 .comment       0x00000049       0x4a CMakeFiles/pico.dir/pico-sdk/src/rp2_common/hardware_timer/timer.c.obj
 .comment       0x00000049       0x4a CMakeFiles/pico.dir/pico-sdk/src/common/pico_util/pheap.c.obj
 .comment       0x00000049       0x4a CMakeFiles/pico.dir/pico-sdk/src/common/pico_sync/mutex.c.obj
 .comment       0x00000049       0x4a CMakeFiles/pico.dir/pico-sdk/src/rp2_common/pico_runtime/runtime.c.obj
 .comment       0x00000049       0x4a CMakeFiles/pico.dir/pico-sdk/src/rp2_common/hardware_clocks/clocks.c.obj
 .comment       0x00000049       0x4a CMakeFiles/pico.dir/pico-sdk/src/rp2_common/hardware_pll/pll.c.obj
 .comment       0x00000049       0x4a CMakeFiles/pico.dir/pico-sdk/src/rp2_common/hardware_watchdog/watchdog.c.obj
 .comment       0x00000049       0x4a CMakeFiles/pico.dir/pico-sdk/src/rp2_common/hardware_xosc/xosc.c.obj
 .comment       0x00000049       0x4a CMakeFiles/pico.dir/pico-sdk/src/rp2_common/pico_printf/printf.c.obj
 .comment       0x00000049       0x4a CMakeFiles/pico.dir/pico-sdk/src/rp2_common/pico_bootrom/bootrom.c.obj
 .comment       0x00000049       0x4a CMakeFiles/pico.dir/pico-sdk/src/rp2_common/pico_double/double_init_rom.c.obj
 .comment       0x00000049       0x4a CMakeFiles/pico.dir/pico-sdk/src/rp2_common/pico_float/float_init_rom.c.obj
 .comment       0x00000049       0x4a CMakeFiles/pico.dir/pico-sdk/src/rp2_common/pico_standard_link/binary_info.c.obj
 .comment       0x00000049       0x4a CMakeFiles/pico.dir/pico-sdk/src/rp2_common/pico_stdio/stdio.c.obj

.debug_info     0x00000000    0x1271a
 .debug_info    0x00000000      0x5e2 CMakeFiles/pico.dir/main.c.obj
 .debug_info    0x000005e2     0x16d7 CMakeFiles/pico.dir/pico-sdk/src/rp2_common/hardware_gpio/gpio.c.obj
 .debug_info    0x00001cb9      0x6bb CMakeFiles/pico.dir/pico-sdk/src/rp2_common/hardware_claim/claim.c.obj
 .debug_info    0x00002374      0x1e3 CMakeFiles/pico.dir/pico-sdk/src/rp2_common/pico_platform/platform.c.obj
 .debug_info    0x00002557      0x58e CMakeFiles/pico.dir/pico-sdk/src/rp2_common/hardware_sync/sync.c.obj
 .debug_info    0x00002ae5     0x1c49 CMakeFiles/pico.dir/pico-sdk/src/rp2_common/hardware_irq/irq.c.obj
 .debug_info    0x0000472e      0x1a4 CMakeFiles/pico.dir/pico-sdk/src/common/pico_sync/lock_core.c.obj
 .debug_info    0x000048d2     0x3b3b CMakeFiles/pico.dir/pico-sdk/src/common/pico_time/time.c.obj
 .debug_info    0x0000840d     0x1134 CMakeFiles/pico.dir/pico-sdk/src/rp2_common/hardware_timer/timer.c.obj
 .debug_info    0x00009541     0x120c CMakeFiles/pico.dir/pico-sdk/src/common/pico_util/pheap.c.obj
 .debug_info    0x0000a74d     0x2022 CMakeFiles/pico.dir/pico-sdk/src/common/pico_sync/mutex.c.obj
 .debug_info    0x0000c76f      0xa87 CMakeFiles/pico.dir/pico-sdk/src/rp2_common/pico_runtime/runtime.c.obj
 .debug_info    0x0000d1f6      0xf63 CMakeFiles/pico.dir/pico-sdk/src/rp2_common/hardware_clocks/clocks.c.obj
 .debug_info    0x0000e159      0x54a CMakeFiles/pico.dir/pico-sdk/src/rp2_common/hardware_pll/pll.c.obj
 .debug_info    0x0000e6a3      0x4ee CMakeFiles/pico.dir/pico-sdk/src/rp2_common/hardware_watchdog/watchdog.c.obj
 .debug_info    0x0000eb91      0x1d8 CMakeFiles/pico.dir/pico-sdk/src/rp2_common/hardware_xosc/xosc.c.obj
 .debug_info    0x0000ed69     0x1a5f CMakeFiles/pico.dir/pico-sdk/src/rp2_common/pico_printf/printf.c.obj
 .debug_info    0x000107c8       0x22 CMakeFiles/pico.dir/pico-sdk/src/rp2_common/pico_bit_ops/bit_ops_aeabi.S.obj
 .debug_info    0x000107ea      0x27c CMakeFiles/pico.dir/pico-sdk/src/rp2_common/pico_bootrom/bootrom.c.obj
 .debug_info    0x00010a66       0x22 CMakeFiles/pico.dir/pico-sdk/src/rp2_common/pico_divider/divider.S.obj
 .debug_info    0x00010a88       0x22 CMakeFiles/pico.dir/pico-sdk/src/rp2_common/pico_double/double_aeabi.S.obj
 .debug_info    0x00010aaa      0x2d1 CMakeFiles/pico.dir/pico-sdk/src/rp2_common/pico_double/double_init_rom.c.obj
 .debug_info    0x00010d7b       0x22 CMakeFiles/pico.dir/pico-sdk/src/rp2_common/pico_double/double_v1_rom_shim.S.obj
 .debug_info    0x00010d9d       0x26 CMakeFiles/pico.dir/pico-sdk/src/rp2_common/pico_int64_ops/pico_int64_ops_aeabi.S.obj
 .debug_info    0x00010dc3       0x22 CMakeFiles/pico.dir/pico-sdk/src/rp2_common/pico_float/float_aeabi.S.obj
 .debug_info    0x00010de5      0x2eb CMakeFiles/pico.dir/pico-sdk/src/rp2_common/pico_float/float_init_rom.c.obj
 .debug_info    0x000110d0       0x22 CMakeFiles/pico.dir/pico-sdk/src/rp2_common/pico_float/float_v1_rom_shim.S.obj
 .debug_info    0x000110f2       0x22 CMakeFiles/pico.dir/pico-sdk/src/rp2_common/pico_mem_ops/mem_ops_aeabi.S.obj
 .debug_info    0x00011114       0x22 CMakeFiles/pico.dir/pico-sdk/src/rp2_common/pico_standard_link/crt0.S.obj
 .debug_info    0x00011136      0x2f6 CMakeFiles/pico.dir/pico-sdk/src/rp2_common/pico_standard_link/binary_info.c.obj
 .debug_info    0x0001142c     0x12ee CMakeFiles/pico.dir/pico-sdk/src/rp2_common/pico_stdio/stdio.c.obj

.debug_abbrev   0x00000000     0x3971
 .debug_abbrev  0x00000000      0x196 CMakeFiles/pico.dir/main.c.obj
 .debug_abbrev  0x00000196      0x326 CMakeFiles/pico.dir/pico-sdk/src/rp2_common/hardware_gpio/gpio.c.obj
 .debug_abbrev  0x000004bc      0x2e9 CMakeFiles/pico.dir/pico-sdk/src/rp2_common/hardware_claim/claim.c.obj
 .debug_abbrev  0x000007a5       0xeb CMakeFiles/pico.dir/pico-sdk/src/rp2_common/pico_platform/platform.c.obj
 .debug_abbrev  0x00000890      0x21b CMakeFiles/pico.dir/pico-sdk/src/rp2_common/hardware_sync/sync.c.obj
 .debug_abbrev  0x00000aab      0x4fc CMakeFiles/pico.dir/pico-sdk/src/rp2_common/hardware_irq/irq.c.obj
 .debug_abbrev  0x00000fa7      0x116 CMakeFiles/pico.dir/pico-sdk/src/common/pico_sync/lock_core.c.obj
 .debug_abbrev  0x000010bd      0x54d CMakeFiles/pico.dir/pico-sdk/src/common/pico_time/time.c.obj
 .debug_abbrev  0x0000160a      0x3a2 CMakeFiles/pico.dir/pico-sdk/src/rp2_common/hardware_timer/timer.c.obj
 .debug_abbrev  0x000019ac      0x297 CMakeFiles/pico.dir/pico-sdk/src/common/pico_util/pheap.c.obj
 .debug_abbrev  0x00001c43      0x386 CMakeFiles/pico.dir/pico-sdk/src/common/pico_sync/mutex.c.obj
 .debug_abbrev  0x00001fc9      0x3aa CMakeFiles/pico.dir/pico-sdk/src/rp2_common/pico_runtime/runtime.c.obj
 .debug_abbrev  0x00002373      0x3a5 CMakeFiles/pico.dir/pico-sdk/src/rp2_common/hardware_clocks/clocks.c.obj
 .debug_abbrev  0x00002718      0x1ea CMakeFiles/pico.dir/pico-sdk/src/rp2_common/hardware_pll/pll.c.obj
 .debug_abbrev  0x00002902      0x1a8 CMakeFiles/pico.dir/pico-sdk/src/rp2_common/hardware_watchdog/watchdog.c.obj
 .debug_abbrev  0x00002aaa      0x109 CMakeFiles/pico.dir/pico-sdk/src/rp2_common/hardware_xosc/xosc.c.obj
 .debug_abbrev  0x00002bb3      0x384 CMakeFiles/pico.dir/pico-sdk/src/rp2_common/pico_printf/printf.c.obj
 .debug_abbrev  0x00002f37       0x12 CMakeFiles/pico.dir/pico-sdk/src/rp2_common/pico_bit_ops/bit_ops_aeabi.S.obj
 .debug_abbrev  0x00002f49      0x13b CMakeFiles/pico.dir/pico-sdk/src/rp2_common/pico_bootrom/bootrom.c.obj
 .debug_abbrev  0x00003084       0x12 CMakeFiles/pico.dir/pico-sdk/src/rp2_common/pico_divider/divider.S.obj
 .debug_abbrev  0x00003096       0x12 CMakeFiles/pico.dir/pico-sdk/src/rp2_common/pico_double/double_aeabi.S.obj
 .debug_abbrev  0x000030a8      0x179 CMakeFiles/pico.dir/pico-sdk/src/rp2_common/pico_double/double_init_rom.c.obj
 .debug_abbrev  0x00003221       0x12 CMakeFiles/pico.dir/pico-sdk/src/rp2_common/pico_double/double_v1_rom_shim.S.obj
 .debug_abbrev  0x00003233       0x14 CMakeFiles/pico.dir/pico-sdk/src/rp2_common/pico_int64_ops/pico_int64_ops_aeabi.S.obj
 .debug_abbrev  0x00003247       0x12 CMakeFiles/pico.dir/pico-sdk/src/rp2_common/pico_float/float_aeabi.S.obj
 .debug_abbrev  0x00003259      0x18c CMakeFiles/pico.dir/pico-sdk/src/rp2_common/pico_float/float_init_rom.c.obj
 .debug_abbrev  0x000033e5       0x12 CMakeFiles/pico.dir/pico-sdk/src/rp2_common/pico_float/float_v1_rom_shim.S.obj
 .debug_abbrev  0x000033f7       0x12 CMakeFiles/pico.dir/pico-sdk/src/rp2_common/pico_mem_ops/mem_ops_aeabi.S.obj
 .debug_abbrev  0x00003409       0x12 CMakeFiles/pico.dir/pico-sdk/src/rp2_common/pico_standard_link/crt0.S.obj
 .debug_abbrev  0x0000341b       0xad CMakeFiles/pico.dir/pico-sdk/src/rp2_common/pico_standard_link/binary_info.c.obj
 .debug_abbrev  0x000034c8      0x4a9 CMakeFiles/pico.dir/pico-sdk/src/rp2_common/pico_stdio/stdio.c.obj

.debug_loc      0x00000000     0xcee3
 .debug_loc     0x00000000      0x114 CMakeFiles/pico.dir/main.c.obj
 .debug_loc     0x00000114     0x118d CMakeFiles/pico.dir/pico-sdk/src/rp2_common/hardware_gpio/gpio.c.obj
 .debug_loc     0x000012a1      0x45f CMakeFiles/pico.dir/pico-sdk/src/rp2_common/hardware_claim/claim.c.obj
 .debug_loc     0x00001700       0xe9 CMakeFiles/pico.dir/pico-sdk/src/rp2_common/pico_platform/platform.c.obj
 .debug_loc     0x000017e9      0x233 CMakeFiles/pico.dir/pico-sdk/src/rp2_common/hardware_sync/sync.c.obj
 .debug_loc     0x00001a1c     0x1365 CMakeFiles/pico.dir/pico-sdk/src/rp2_common/hardware_irq/irq.c.obj
 .debug_loc     0x00002d81       0x60 CMakeFiles/pico.dir/pico-sdk/src/common/pico_sync/lock_core.c.obj
 .debug_loc     0x00002de1     0x2e2a CMakeFiles/pico.dir/pico-sdk/src/common/pico_time/time.c.obj
 .debug_loc     0x00005c0b      0x952 CMakeFiles/pico.dir/pico-sdk/src/rp2_common/hardware_timer/timer.c.obj
 .debug_loc     0x0000655d     0x1439 CMakeFiles/pico.dir/pico-sdk/src/common/pico_util/pheap.c.obj
 .debug_loc     0x00007996     0x1469 CMakeFiles/pico.dir/pico-sdk/src/common/pico_sync/mutex.c.obj
 .debug_loc     0x00008dff      0x3f0 CMakeFiles/pico.dir/pico-sdk/src/rp2_common/pico_runtime/runtime.c.obj
 .debug_loc     0x000091ef      0x7eb CMakeFiles/pico.dir/pico-sdk/src/rp2_common/hardware_clocks/clocks.c.obj
 .debug_loc     0x000099da      0x32f CMakeFiles/pico.dir/pico-sdk/src/rp2_common/hardware_pll/pll.c.obj
 .debug_loc     0x00009d09      0x2ec CMakeFiles/pico.dir/pico-sdk/src/rp2_common/hardware_watchdog/watchdog.c.obj
 .debug_loc     0x00009ff5       0x71 CMakeFiles/pico.dir/pico-sdk/src/rp2_common/hardware_xosc/xosc.c.obj
 .debug_loc     0x0000a066     0x2095 CMakeFiles/pico.dir/pico-sdk/src/rp2_common/pico_printf/printf.c.obj
 .debug_loc     0x0000c0fb      0x1a1 CMakeFiles/pico.dir/pico-sdk/src/rp2_common/pico_bootrom/bootrom.c.obj
 .debug_loc     0x0000c29c       0x59 CMakeFiles/pico.dir/pico-sdk/src/rp2_common/pico_double/double_init_rom.c.obj
 .debug_loc     0x0000c2f5       0x73 CMakeFiles/pico.dir/pico-sdk/src/rp2_common/pico_float/float_init_rom.c.obj
 .debug_loc     0x0000c368      0xb7b CMakeFiles/pico.dir/pico-sdk/src/rp2_common/pico_stdio/stdio.c.obj

.debug_aranges  0x00000000      0xd30
 .debug_aranges
                0x00000000       0x20 CMakeFiles/pico.dir/main.c.obj
 .debug_aranges
                0x00000020      0x100 CMakeFiles/pico.dir/pico-sdk/src/rp2_common/hardware_gpio/gpio.c.obj
 .debug_aranges
                0x00000120       0x48 CMakeFiles/pico.dir/pico-sdk/src/rp2_common/hardware_claim/claim.c.obj
 .debug_aranges
                0x00000168       0x28 CMakeFiles/pico.dir/pico-sdk/src/rp2_common/pico_platform/platform.c.obj
 .debug_aranges
                0x00000190       0x58 CMakeFiles/pico.dir/pico-sdk/src/rp2_common/hardware_sync/sync.c.obj
 .debug_aranges
                0x000001e8       0xc8 CMakeFiles/pico.dir/pico-sdk/src/rp2_common/hardware_irq/irq.c.obj
 .debug_aranges
                0x000002b0       0x20 CMakeFiles/pico.dir/pico-sdk/src/common/pico_sync/lock_core.c.obj
 .debug_aranges
                0x000002d0       0xd0 CMakeFiles/pico.dir/pico-sdk/src/common/pico_time/time.c.obj
 .debug_aranges
                0x000003a0       0x78 CMakeFiles/pico.dir/pico-sdk/src/rp2_common/hardware_timer/timer.c.obj
 .debug_aranges
                0x00000418       0x78 CMakeFiles/pico.dir/pico-sdk/src/common/pico_util/pheap.c.obj
 .debug_aranges
                0x00000490       0x88 CMakeFiles/pico.dir/pico-sdk/src/common/pico_sync/mutex.c.obj
 .debug_aranges
                0x00000518       0x60 CMakeFiles/pico.dir/pico-sdk/src/rp2_common/pico_runtime/runtime.c.obj
 .debug_aranges
                0x00000578       0x70 CMakeFiles/pico.dir/pico-sdk/src/rp2_common/hardware_clocks/clocks.c.obj
 .debug_aranges
                0x000005e8       0x28 CMakeFiles/pico.dir/pico-sdk/src/rp2_common/hardware_pll/pll.c.obj
 .debug_aranges
                0x00000610       0x58 CMakeFiles/pico.dir/pico-sdk/src/rp2_common/hardware_watchdog/watchdog.c.obj
 .debug_aranges
                0x00000668       0x30 CMakeFiles/pico.dir/pico-sdk/src/rp2_common/hardware_xosc/xosc.c.obj
 .debug_aranges
                0x00000698       0x90 CMakeFiles/pico.dir/pico-sdk/src/rp2_common/pico_printf/printf.c.obj
 .debug_aranges
                0x00000728       0x68 CMakeFiles/pico.dir/pico-sdk/src/rp2_common/pico_bit_ops/bit_ops_aeabi.S.obj
 .debug_aranges
                0x00000790       0x30 CMakeFiles/pico.dir/pico-sdk/src/rp2_common/pico_bootrom/bootrom.c.obj
 .debug_aranges
                0x000007c0       0x40 CMakeFiles/pico.dir/pico-sdk/src/rp2_common/pico_divider/divider.S.obj
 .debug_aranges
                0x00000800      0x140 CMakeFiles/pico.dir/pico-sdk/src/rp2_common/pico_double/double_aeabi.S.obj
 .debug_aranges
                0x00000940       0x20 CMakeFiles/pico.dir/pico-sdk/src/rp2_common/pico_double/double_init_rom.c.obj
 .debug_aranges
                0x00000960       0xc8 CMakeFiles/pico.dir/pico-sdk/src/rp2_common/pico_double/double_v1_rom_shim.S.obj
 .debug_aranges
                0x00000a28       0x20 CMakeFiles/pico.dir/pico-sdk/src/rp2_common/pico_int64_ops/pico_int64_ops_aeabi.S.obj
 .debug_aranges
                0x00000a48      0x130 CMakeFiles/pico.dir/pico-sdk/src/rp2_common/pico_float/float_aeabi.S.obj
 .debug_aranges
                0x00000b78       0x20 CMakeFiles/pico.dir/pico-sdk/src/rp2_common/pico_float/float_init_rom.c.obj
 .debug_aranges
                0x00000b98       0x50 CMakeFiles/pico.dir/pico-sdk/src/rp2_common/pico_float/float_v1_rom_shim.S.obj
 .debug_aranges
                0x00000be8       0x38 CMakeFiles/pico.dir/pico-sdk/src/rp2_common/pico_mem_ops/mem_ops_aeabi.S.obj
 .debug_aranges
                0x00000c20       0x28 CMakeFiles/pico.dir/pico-sdk/src/rp2_common/pico_standard_link/crt0.S.obj
 .debug_aranges
                0x00000c48       0x18 CMakeFiles/pico.dir/pico-sdk/src/rp2_common/pico_standard_link/binary_info.c.obj
 .debug_aranges
                0x00000c60       0xd0 CMakeFiles/pico.dir/pico-sdk/src/rp2_common/pico_stdio/stdio.c.obj

.debug_ranges   0x00000000     0x2c20
 .debug_ranges  0x00000000       0x10 CMakeFiles/pico.dir/main.c.obj
 .debug_ranges  0x00000010      0x150 CMakeFiles/pico.dir/pico-sdk/src/rp2_common/hardware_gpio/gpio.c.obj
 .debug_ranges  0x00000160       0xd8 CMakeFiles/pico.dir/pico-sdk/src/rp2_common/hardware_claim/claim.c.obj
 .debug_ranges  0x00000238       0x18 CMakeFiles/pico.dir/pico-sdk/src/rp2_common/pico_platform/platform.c.obj
 .debug_ranges  0x00000250       0xf0 CMakeFiles/pico.dir/pico-sdk/src/rp2_common/hardware_sync/sync.c.obj
 .debug_ranges  0x00000340      0x400 CMakeFiles/pico.dir/pico-sdk/src/rp2_common/hardware_irq/irq.c.obj
 .debug_ranges  0x00000740       0x10 CMakeFiles/pico.dir/pico-sdk/src/common/pico_sync/lock_core.c.obj
 .debug_ranges  0x00000750      0xba0 CMakeFiles/pico.dir/pico-sdk/src/common/pico_time/time.c.obj
 .debug_ranges  0x000012f0      0x320 CMakeFiles/pico.dir/pico-sdk/src/rp2_common/hardware_timer/timer.c.obj
 .debug_ranges  0x00001610      0x248 CMakeFiles/pico.dir/pico-sdk/src/common/pico_util/pheap.c.obj
 .debug_ranges  0x00001858      0xab8 CMakeFiles/pico.dir/pico-sdk/src/common/pico_sync/mutex.c.obj
 .debug_ranges  0x00002310       0x80 CMakeFiles/pico.dir/pico-sdk/src/rp2_common/pico_runtime/runtime.c.obj
 .debug_ranges  0x00002390       0x60 CMakeFiles/pico.dir/pico-sdk/src/rp2_common/hardware_clocks/clocks.c.obj
 .debug_ranges  0x000023f0       0x30 CMakeFiles/pico.dir/pico-sdk/src/rp2_common/hardware_pll/pll.c.obj
 .debug_ranges  0x00002420       0x48 CMakeFiles/pico.dir/pico-sdk/src/rp2_common/hardware_watchdog/watchdog.c.obj
 .debug_ranges  0x00002468       0x20 CMakeFiles/pico.dir/pico-sdk/src/rp2_common/hardware_xosc/xosc.c.obj
 .debug_ranges  0x00002488      0x108 CMakeFiles/pico.dir/pico-sdk/src/rp2_common/pico_printf/printf.c.obj
 .debug_ranges  0x00002590       0x60 CMakeFiles/pico.dir/pico-sdk/src/rp2_common/pico_bit_ops/bit_ops_aeabi.S.obj
 .debug_ranges  0x000025f0       0x38 CMakeFiles/pico.dir/pico-sdk/src/rp2_common/pico_bootrom/bootrom.c.obj
 .debug_ranges  0x00002628       0x38 CMakeFiles/pico.dir/pico-sdk/src/rp2_common/pico_divider/divider.S.obj
 .debug_ranges  0x00002660      0x138 CMakeFiles/pico.dir/pico-sdk/src/rp2_common/pico_double/double_aeabi.S.obj
 .debug_ranges  0x00002798       0x30 CMakeFiles/pico.dir/pico-sdk/src/rp2_common/pico_double/double_init_rom.c.obj
 .debug_ranges  0x000027c8       0xc0 CMakeFiles/pico.dir/pico-sdk/src/rp2_common/pico_double/double_v1_rom_shim.S.obj
 .debug_ranges  0x00002888      0x128 CMakeFiles/pico.dir/pico-sdk/src/rp2_common/pico_float/float_aeabi.S.obj
 .debug_ranges  0x000029b0       0x28 CMakeFiles/pico.dir/pico-sdk/src/rp2_common/pico_float/float_init_rom.c.obj
 .debug_ranges  0x000029d8       0x48 CMakeFiles/pico.dir/pico-sdk/src/rp2_common/pico_float/float_v1_rom_shim.S.obj
 .debug_ranges  0x00002a20       0x30 CMakeFiles/pico.dir/pico-sdk/src/rp2_common/pico_mem_ops/mem_ops_aeabi.S.obj
 .debug_ranges  0x00002a50       0x20 CMakeFiles/pico.dir/pico-sdk/src/rp2_common/pico_standard_link/crt0.S.obj
 .debug_ranges  0x00002a70      0x1b0 CMakeFiles/pico.dir/pico-sdk/src/rp2_common/pico_stdio/stdio.c.obj

.debug_line     0x00000000     0xcd88
 .debug_line    0x00000000      0x3a2 CMakeFiles/pico.dir/main.c.obj
 .debug_line    0x000003a2      0xcd5 CMakeFiles/pico.dir/pico-sdk/src/rp2_common/hardware_gpio/gpio.c.obj
 .debug_line    0x00001077      0x497 CMakeFiles/pico.dir/pico-sdk/src/rp2_common/hardware_claim/claim.c.obj
 .debug_line    0x0000150e      0x29d CMakeFiles/pico.dir/pico-sdk/src/rp2_common/pico_platform/platform.c.obj
 .debug_line    0x000017ab      0x493 CMakeFiles/pico.dir/pico-sdk/src/rp2_common/hardware_sync/sync.c.obj
 .debug_line    0x00001c3e     0x1076 CMakeFiles/pico.dir/pico-sdk/src/rp2_common/hardware_irq/irq.c.obj
 .debug_line    0x00002cb4      0x242 CMakeFiles/pico.dir/pico-sdk/src/common/pico_sync/lock_core.c.obj
 .debug_line    0x00002ef6     0x1953 CMakeFiles/pico.dir/pico-sdk/src/common/pico_time/time.c.obj
 .debug_line    0x00004849      0xb35 CMakeFiles/pico.dir/pico-sdk/src/rp2_common/hardware_timer/timer.c.obj
 .debug_line    0x0000537e      0x8a6 CMakeFiles/pico.dir/pico-sdk/src/common/pico_util/pheap.c.obj
 .debug_line    0x00005c24     0x1083 CMakeFiles/pico.dir/pico-sdk/src/common/pico_sync/mutex.c.obj
 .debug_line    0x00006ca7      0x881 CMakeFiles/pico.dir/pico-sdk/src/rp2_common/pico_runtime/runtime.c.obj
 .debug_line    0x00007528      0xa07 CMakeFiles/pico.dir/pico-sdk/src/rp2_common/hardware_clocks/clocks.c.obj
 .debug_line    0x00007f2f      0x597 CMakeFiles/pico.dir/pico-sdk/src/rp2_common/hardware_pll/pll.c.obj
 .debug_line    0x000084c6      0x422 CMakeFiles/pico.dir/pico-sdk/src/rp2_common/hardware_watchdog/watchdog.c.obj
 .debug_line    0x000088e8      0x2c6 CMakeFiles/pico.dir/pico-sdk/src/rp2_common/hardware_xosc/xosc.c.obj
 .debug_line    0x00008bae     0x1241 CMakeFiles/pico.dir/pico-sdk/src/rp2_common/pico_printf/printf.c.obj
 .debug_line    0x00009def      0x150 CMakeFiles/pico.dir/pico-sdk/src/rp2_common/pico_bit_ops/bit_ops_aeabi.S.obj
 .debug_line    0x00009f3f      0x245 CMakeFiles/pico.dir/pico-sdk/src/rp2_common/pico_bootrom/bootrom.c.obj
 .debug_line    0x0000a184      0x2d9 CMakeFiles/pico.dir/pico-sdk/src/rp2_common/pico_divider/divider.S.obj
 .debug_line    0x0000a45d      0x42e CMakeFiles/pico.dir/pico-sdk/src/rp2_common/pico_double/double_aeabi.S.obj
 .debug_line    0x0000a88b      0x370 CMakeFiles/pico.dir/pico-sdk/src/rp2_common/pico_double/double_init_rom.c.obj
 .debug_line    0x0000abfb      0x6a6 CMakeFiles/pico.dir/pico-sdk/src/rp2_common/pico_double/double_v1_rom_shim.S.obj
 .debug_line    0x0000b2a1       0xa0 CMakeFiles/pico.dir/pico-sdk/src/rp2_common/pico_int64_ops/pico_int64_ops_aeabi.S.obj
 .debug_line    0x0000b341      0x3e4 CMakeFiles/pico.dir/pico-sdk/src/rp2_common/pico_float/float_aeabi.S.obj
 .debug_line    0x0000b725      0x362 CMakeFiles/pico.dir/pico-sdk/src/rp2_common/pico_float/float_init_rom.c.obj
 .debug_line    0x0000ba87      0x1d0 CMakeFiles/pico.dir/pico-sdk/src/rp2_common/pico_float/float_v1_rom_shim.S.obj
 .debug_line    0x0000bc57       0xca CMakeFiles/pico.dir/pico-sdk/src/rp2_common/pico_mem_ops/mem_ops_aeabi.S.obj
 .debug_line    0x0000bd21       0xdb CMakeFiles/pico.dir/pico-sdk/src/rp2_common/pico_standard_link/crt0.S.obj
 .debug_line    0x0000bdfc      0x1d8 CMakeFiles/pico.dir/pico-sdk/src/rp2_common/pico_standard_link/binary_info.c.obj
 .debug_line    0x0000bfd4      0xdb4 CMakeFiles/pico.dir/pico-sdk/src/rp2_common/pico_stdio/stdio.c.obj

.debug_str      0x00000000     0x30c5
 .debug_str     0x00000000      0x386 CMakeFiles/pico.dir/main.c.obj
                                0x3e2 (size before relaxing)
 .debug_str     0x00000386      0x610 CMakeFiles/pico.dir/pico-sdk/src/rp2_common/hardware_gpio/gpio.c.obj
                                0x9b7 (size before relaxing)
 .debug_str     0x00000996      0x1c5 CMakeFiles/pico.dir/pico-sdk/src/rp2_common/hardware_claim/claim.c.obj
                                0x383 (size before relaxing)
 .debug_str     0x00000b5b       0x8a CMakeFiles/pico.dir/pico-sdk/src/rp2_common/pico_platform/platform.c.obj
                                0x23f (size before relaxing)
 .debug_str     0x00000be5       0xf5 CMakeFiles/pico.dir/pico-sdk/src/rp2_common/hardware_sync/sync.c.obj
                                0x36a (size before relaxing)
 .debug_str     0x00000cda      0x3f0 CMakeFiles/pico.dir/pico-sdk/src/rp2_common/hardware_irq/irq.c.obj
                                0x7e0 (size before relaxing)
 .debug_str     0x000010ca       0x65 CMakeFiles/pico.dir/pico-sdk/src/common/pico_sync/lock_core.c.obj
                                0x220 (size before relaxing)
 .debug_str     0x0000112f      0x758 CMakeFiles/pico.dir/pico-sdk/src/common/pico_time/time.c.obj
                                0xbb5 (size before relaxing)
 .debug_str     0x00001887      0x159 CMakeFiles/pico.dir/pico-sdk/src/rp2_common/hardware_timer/timer.c.obj
                                0x6b8 (size before relaxing)
 .debug_str     0x000019e0       0xef CMakeFiles/pico.dir/pico-sdk/src/common/pico_util/pheap.c.obj
                                0x409 (size before relaxing)
 .debug_str     0x00001acf      0x16e CMakeFiles/pico.dir/pico-sdk/src/common/pico_sync/mutex.c.obj
                                0x5e4 (size before relaxing)
 .debug_str     0x00001c3d      0x292 CMakeFiles/pico.dir/pico-sdk/src/rp2_common/pico_runtime/runtime.c.obj
                                0x622 (size before relaxing)
 .debug_str     0x00001ecf      0x27f CMakeFiles/pico.dir/pico-sdk/src/rp2_common/hardware_clocks/clocks.c.obj
                                0x696 (size before relaxing)
 .debug_str     0x0000214e       0x98 CMakeFiles/pico.dir/pico-sdk/src/rp2_common/hardware_pll/pll.c.obj
                                0x2fa (size before relaxing)
 .debug_str     0x000021e6      0x12f CMakeFiles/pico.dir/pico-sdk/src/rp2_common/hardware_watchdog/watchdog.c.obj
                                0x341 (size before relaxing)
 .debug_str     0x00002315       0x74 CMakeFiles/pico.dir/pico-sdk/src/rp2_common/hardware_xosc/xosc.c.obj
                                0x23e (size before relaxing)
 .debug_str     0x00002389      0x276 CMakeFiles/pico.dir/pico-sdk/src/rp2_common/pico_printf/printf.c.obj
                                0x49f (size before relaxing)
 .debug_str     0x000025ff       0x5e CMakeFiles/pico.dir/pico-sdk/src/rp2_common/pico_bit_ops/bit_ops_aeabi.S.obj
                                 0x90 (size before relaxing)
 .debug_str     0x0000265d       0xcd CMakeFiles/pico.dir/pico-sdk/src/rp2_common/pico_bootrom/bootrom.c.obj
                                0x279 (size before relaxing)
 .debug_str     0x0000272a       0x4a CMakeFiles/pico.dir/pico-sdk/src/rp2_common/pico_divider/divider.S.obj
                                 0x8a (size before relaxing)
 .debug_str     0x00002774       0x4e CMakeFiles/pico.dir/pico-sdk/src/rp2_common/pico_double/double_aeabi.S.obj
                                 0x8e (size before relaxing)
 .debug_str     0x000027c2       0xa6 CMakeFiles/pico.dir/pico-sdk/src/rp2_common/pico_double/double_init_rom.c.obj
                                0x2b8 (size before relaxing)
 .debug_str     0x00002868       0x54 CMakeFiles/pico.dir/pico-sdk/src/rp2_common/pico_double/double_v1_rom_shim.S.obj
                                 0x94 (size before relaxing)
 .debug_str     0x000028bc       0x59 CMakeFiles/pico.dir/pico-sdk/src/rp2_common/pico_int64_ops/pico_int64_ops_aeabi.S.obj
                                 0x99 (size before relaxing)
 .debug_str     0x00002915       0x4c CMakeFiles/pico.dir/pico-sdk/src/rp2_common/pico_float/float_aeabi.S.obj
                                 0x8c (size before relaxing)
 .debug_str     0x00002961       0x8a CMakeFiles/pico.dir/pico-sdk/src/rp2_common/pico_float/float_init_rom.c.obj
                                0x2d4 (size before relaxing)
 .debug_str     0x000029eb       0x52 CMakeFiles/pico.dir/pico-sdk/src/rp2_common/pico_float/float_v1_rom_shim.S.obj
                                 0x92 (size before relaxing)
 .debug_str     0x00002a3d       0x50 CMakeFiles/pico.dir/pico-sdk/src/rp2_common/pico_mem_ops/mem_ops_aeabi.S.obj
                                 0x90 (size before relaxing)
 .debug_str     0x00002a8d       0x4d CMakeFiles/pico.dir/pico-sdk/src/rp2_common/pico_standard_link/crt0.S.obj
                                 0x8d (size before relaxing)
 .debug_str     0x00002ada      0x24d CMakeFiles/pico.dir/pico-sdk/src/rp2_common/pico_standard_link/binary_info.c.obj
                                0x401 (size before relaxing)
 .debug_str     0x00002d27      0x39e CMakeFiles/pico.dir/pico-sdk/src/rp2_common/pico_stdio/stdio.c.obj
                                0x7d7 (size before relaxing)

.debug_frame    0x00000000     0x15b0
 .debug_frame   0x00000000       0x2c CMakeFiles/pico.dir/main.c.obj
 .debug_frame   0x0000002c      0x278 CMakeFiles/pico.dir/pico-sdk/src/rp2_common/hardware_gpio/gpio.c.obj
 .debug_frame   0x000002a4       0x9c CMakeFiles/pico.dir/pico-sdk/src/rp2_common/hardware_claim/claim.c.obj
 .debug_frame   0x00000340       0x38 CMakeFiles/pico.dir/pico-sdk/src/rp2_common/pico_platform/platform.c.obj
 .debug_frame   0x00000378       0xc4 CMakeFiles/pico.dir/pico-sdk/src/rp2_common/hardware_sync/sync.c.obj
 .debug_frame   0x0000043c      0x20c CMakeFiles/pico.dir/pico-sdk/src/rp2_common/hardware_irq/irq.c.obj
 .debug_frame   0x00000648       0x20 CMakeFiles/pico.dir/pico-sdk/src/common/pico_sync/lock_core.c.obj
 .debug_frame   0x00000668      0x294 CMakeFiles/pico.dir/pico-sdk/src/common/pico_time/time.c.obj
 .debug_frame   0x000008fc      0x134 CMakeFiles/pico.dir/pico-sdk/src/rp2_common/hardware_timer/timer.c.obj
 .debug_frame   0x00000a30      0x164 CMakeFiles/pico.dir/pico-sdk/src/common/pico_util/pheap.c.obj
 .debug_frame   0x00000b94      0x1a0 CMakeFiles/pico.dir/pico-sdk/src/common/pico_sync/mutex.c.obj
 .debug_frame   0x00000d34       0xdc CMakeFiles/pico.dir/pico-sdk/src/rp2_common/pico_runtime/runtime.c.obj
 .debug_frame   0x00000e10      0x12c CMakeFiles/pico.dir/pico-sdk/src/rp2_common/hardware_clocks/clocks.c.obj
 .debug_frame   0x00000f3c       0x44 CMakeFiles/pico.dir/pico-sdk/src/rp2_common/hardware_pll/pll.c.obj
 .debug_frame   0x00000f80       0xa8 CMakeFiles/pico.dir/pico-sdk/src/rp2_common/hardware_watchdog/watchdog.c.obj
 .debug_frame   0x00001028       0x40 CMakeFiles/pico.dir/pico-sdk/src/rp2_common/hardware_xosc/xosc.c.obj
 .debug_frame   0x00001068      0x1f8 CMakeFiles/pico.dir/pico-sdk/src/rp2_common/pico_printf/printf.c.obj
 .debug_frame   0x00001260       0x64 CMakeFiles/pico.dir/pico-sdk/src/rp2_common/pico_bootrom/bootrom.c.obj
 .debug_frame   0x000012c4       0x2c CMakeFiles/pico.dir/pico-sdk/src/rp2_common/pico_double/double_init_rom.c.obj
 .debug_frame   0x000012f0       0x2c CMakeFiles/pico.dir/pico-sdk/src/rp2_common/pico_float/float_init_rom.c.obj
 .debug_frame   0x0000131c      0x26c CMakeFiles/pico.dir/pico-sdk/src/rp2_common/pico_stdio/stdio.c.obj
 .debug_frame   0x00001588       0x28 e:/gnu arm embedded toolchain/10 2021.10/bin/../lib/gcc/arm-none-eabi/10.3.1/../../../../arm-none-eabi/lib/thumb/v6-m/nofp\libg.a(lib_a-strlen-stub.o)
